../Devices/OLED/OLED.c:12:6:OLED_I2C_Init	8	static
../Devices/OLED/OLED.c:23:6:OLED_I2C_Start	8	static
../Devices/OLED/OLED.c:36:6:OLED_I2C_Stop	8	static
../Devices/OLED/OLED.c:48:6:OLED_I2C_SendByte	24	static
../Devices/OLED/OLED.c:66:6:OLED_WriteCommand	16	static
../Devices/OLED/OLED.c:80:6:OLED_WriteData	16	static
../Devices/OLED/OLED.c:95:6:OLED_SetCursor	16	static
../Devices/OLED/OLED.c:107:6:OLED_Clear	16	static
../Devices/OLED/OLED.c:127:6:OLED_ShowChar	24	static
../Devices/OLED/OLED.c:149:6:OLED_ShowString	24	static
../Devices/OLED/OLED.c:162:10:OLED_Pow	24	static
../Devices/OLED/OLED.c:180:6:OLED_ShowNum	32	static
../Devices/OLED/OLED.c:197:6:OLED_ShowSignedNum	32	static
../Devices/OLED/OLED.c:225:6:OLED_ShowHexNum	24	static
../Devices/OLED/OLED.c:250:6:OLED_ShowBinNum	32	static
../Devices/OLED/OLED.c:267:6:OLED_ShowSignedFloat	24	static
../Devices/OLED/OLED.c:293:6:OLED_Init	16	static
