Archive member included to satisfy reference by file (symbol)

F:/STM32CubeIDE/STM32CubeIDE_1.16.1/STM32CubeIDE/plugins/com.st.stm32cube.ide.mcu.externaltools.gnu-tools-for-stm32.12.3.rel1.win32_1.0.200.202406191623/tools/bin/../lib/gcc/arm-none-eabi/12.3.1/../../../../arm-none-eabi/lib/thumb/v7-m/nofp\libc_nano.a(libc_a-atof.o)
                              ./Core/Src/main.o (atof)
F:/STM32CubeIDE/STM32CubeIDE_1.16.1/STM32CubeIDE/plugins/com.st.stm32cube.ide.mcu.externaltools.gnu-tools-for-stm32.12.3.rel1.win32_1.0.200.202406191623/tools/bin/../lib/gcc/arm-none-eabi/12.3.1/../../../../arm-none-eabi/lib/thumb/v7-m/nofp\libc_nano.a(libc_a-exit.o)
                              F:/STM32CubeIDE/STM32CubeIDE_1.16.1/STM32CubeIDE/plugins/com.st.stm32cube.ide.mcu.externaltools.gnu-tools-for-stm32.12.3.rel1.win32_1.0.200.202406191623/tools/bin/../lib/gcc/arm-none-eabi/12.3.1/../../../../arm-none-eabi/lib/thumb/v7-m/nofp/crt0.o (exit)
F:/STM32CubeIDE/STM32CubeIDE_1.16.1/STM32CubeIDE/plugins/com.st.stm32cube.ide.mcu.externaltools.gnu-tools-for-stm32.12.3.rel1.win32_1.0.200.202406191623/tools/bin/../lib/gcc/arm-none-eabi/12.3.1/../../../../arm-none-eabi/lib/thumb/v7-m/nofp\libc_nano.a(libc_a-strtod.o)
                              F:/STM32CubeIDE/STM32CubeIDE_1.16.1/STM32CubeIDE/plugins/com.st.stm32cube.ide.mcu.externaltools.gnu-tools-for-stm32.12.3.rel1.win32_1.0.200.202406191623/tools/bin/../lib/gcc/arm-none-eabi/12.3.1/../../../../arm-none-eabi/lib/thumb/v7-m/nofp\libc_nano.a(libc_a-atof.o) (strtod)
F:/STM32CubeIDE/STM32CubeIDE_1.16.1/STM32CubeIDE/plugins/com.st.stm32cube.ide.mcu.externaltools.gnu-tools-for-stm32.12.3.rel1.win32_1.0.200.202406191623/tools/bin/../lib/gcc/arm-none-eabi/12.3.1/../../../../arm-none-eabi/lib/thumb/v7-m/nofp\libc_nano.a(libc_a-nano-vfprintf_float.o)
                              (_printf_float)
F:/STM32CubeIDE/STM32CubeIDE_1.16.1/STM32CubeIDE/plugins/com.st.stm32cube.ide.mcu.externaltools.gnu-tools-for-stm32.12.3.rel1.win32_1.0.200.202406191623/tools/bin/../lib/gcc/arm-none-eabi/12.3.1/../../../../arm-none-eabi/lib/thumb/v7-m/nofp\libc_nano.a(libc_a-nano-vfprintf_i.o)
                              F:/STM32CubeIDE/STM32CubeIDE_1.16.1/STM32CubeIDE/plugins/com.st.stm32cube.ide.mcu.externaltools.gnu-tools-for-stm32.12.3.rel1.win32_1.0.200.202406191623/tools/bin/../lib/gcc/arm-none-eabi/12.3.1/../../../../arm-none-eabi/lib/thumb/v7-m/nofp\libc_nano.a(libc_a-nano-vfprintf_float.o) (_printf_common)
F:/STM32CubeIDE/STM32CubeIDE_1.16.1/STM32CubeIDE/plugins/com.st.stm32cube.ide.mcu.externaltools.gnu-tools-for-stm32.12.3.rel1.win32_1.0.200.202406191623/tools/bin/../lib/gcc/arm-none-eabi/12.3.1/../../../../arm-none-eabi/lib/thumb/v7-m/nofp\libc_nano.a(libc_a-findfp.o)
                              F:/STM32CubeIDE/STM32CubeIDE_1.16.1/STM32CubeIDE/plugins/com.st.stm32cube.ide.mcu.externaltools.gnu-tools-for-stm32.12.3.rel1.win32_1.0.200.202406191623/tools/bin/../lib/gcc/arm-none-eabi/12.3.1/../../../../arm-none-eabi/lib/thumb/v7-m/nofp\libc_nano.a(libc_a-exit.o) (__stdio_exit_handler)
F:/STM32CubeIDE/STM32CubeIDE_1.16.1/STM32CubeIDE/plugins/com.st.stm32cube.ide.mcu.externaltools.gnu-tools-for-stm32.12.3.rel1.win32_1.0.200.202406191623/tools/bin/../lib/gcc/arm-none-eabi/12.3.1/../../../../arm-none-eabi/lib/thumb/v7-m/nofp\libc_nano.a(libc_a-fwalk.o)
                              F:/STM32CubeIDE/STM32CubeIDE_1.16.1/STM32CubeIDE/plugins/com.st.stm32cube.ide.mcu.externaltools.gnu-tools-for-stm32.12.3.rel1.win32_1.0.200.202406191623/tools/bin/../lib/gcc/arm-none-eabi/12.3.1/../../../../arm-none-eabi/lib/thumb/v7-m/nofp\libc_nano.a(libc_a-findfp.o) (_fwalk_sglue)
F:/STM32CubeIDE/STM32CubeIDE_1.16.1/STM32CubeIDE/plugins/com.st.stm32cube.ide.mcu.externaltools.gnu-tools-for-stm32.12.3.rel1.win32_1.0.200.202406191623/tools/bin/../lib/gcc/arm-none-eabi/12.3.1/../../../../arm-none-eabi/lib/thumb/v7-m/nofp\libc_nano.a(libc_a-printf.o)
                              ./Core/Src/main.o (printf)
F:/STM32CubeIDE/STM32CubeIDE_1.16.1/STM32CubeIDE/plugins/com.st.stm32cube.ide.mcu.externaltools.gnu-tools-for-stm32.12.3.rel1.win32_1.0.200.202406191623/tools/bin/../lib/gcc/arm-none-eabi/12.3.1/../../../../arm-none-eabi/lib/thumb/v7-m/nofp\libc_nano.a(libc_a-stdio.o)
                              F:/STM32CubeIDE/STM32CubeIDE_1.16.1/STM32CubeIDE/plugins/com.st.stm32cube.ide.mcu.externaltools.gnu-tools-for-stm32.12.3.rel1.win32_1.0.200.202406191623/tools/bin/../lib/gcc/arm-none-eabi/12.3.1/../../../../arm-none-eabi/lib/thumb/v7-m/nofp\libc_nano.a(libc_a-findfp.o) (__sread)
F:/STM32CubeIDE/STM32CubeIDE_1.16.1/STM32CubeIDE/plugins/com.st.stm32cube.ide.mcu.externaltools.gnu-tools-for-stm32.12.3.rel1.win32_1.0.200.202406191623/tools/bin/../lib/gcc/arm-none-eabi/12.3.1/../../../../arm-none-eabi/lib/thumb/v7-m/nofp\libc_nano.a(libc_a-memcmp.o)
                              ./Devices/MPU6050/inv_mpu.o (memcmp)
[...]
Memory Configuration

Name             Origin             Length             Attributes
RAM              0x20000000         0x00005000         xrw
FLASH            0x08000000         0x00010000         xr
*default*        0x00000000         0xffffffff

Linker script and memory map

LOAD F:/STM32CubeIDE/STM32CubeIDE_1.16.1/STM32CubeIDE/plugins/com.st.stm32cube.ide.mcu.externaltools.gnu-tools-for-stm32.12.3.rel1.win32_1.0.200.202406191623/tools/bin/../lib/gcc/arm-none-eabi/12.3.1/thumb/v7-m/nofp/crti.o
LOAD F:/STM32CubeIDE/STM32CubeIDE_1.16.1/STM32CubeIDE/plugins/com.st.stm32cube.ide.mcu.externaltools.gnu-tools-for-stm32.12.3.rel1.win32_1.0.200.202406191623/tools/bin/../lib/gcc/arm-none-eabi/12.3.1/thumb/v7-m/nofp/crtbegin.o
LOAD F:/STM32CubeIDE/STM32CubeIDE_1.16.1/STM32CubeIDE/plugins/com.st.stm32cube.ide.mcu.externaltools.gnu-tools-for-stm32.12.3.rel1.win32_1.0.200.202406191623/tools/bin/../lib/gcc/arm-none-eabi/12.3.1/../../../../arm-none-eabi/lib/thumb/v7-m/nofp/crt0.o
LOAD ./Core/Src/gpio.o
LOAD ./Core/Src/i2c.o
LOAD ./Core/Src/main.o
LOAD ./Core/Src/stm32f1xx_hal_msp.o
LOAD ./Core/Src/stm32f1xx_it.o
LOAD ./Core/Src/syscalls.o
LOAD ./Core/Src/sysmem.o
LOAD ./Core/Src/system_stm32f1xx.o
LOAD ./Core/Src/tim.o
LOAD ./Core/Src/usart.o
LOAD ./Core/Startup/startup_stm32f103c8tx.o
LOAD ./Devices/Encoder/Encoder.o
LOAD ./Devices/MPU6050/MPU6050.o
LOAD ./Devices/MPU6050/inv_mpu.o
LOAD ./Devices/MPU6050/inv_mpu_dmp_motion_driver.o
LOAD ./Devices/OLED/OLED.o
LOAD ./Devices/TB6612/TB6612.o
LOAD ./Drivers/STM32F1xx_HAL_Driver/Src/stm32f1xx_hal.o
LOAD ./Drivers/STM32F1xx_HAL_Driver/Src/stm32f1xx_hal_cortex.o
LOAD ./Drivers/STM32F1xx_HAL_Driver/Src/stm32f1xx_hal_dma.o
LOAD ./Drivers/STM32F1xx_HAL_Driver/Src/stm32f1xx_hal_exti.o
LOAD ./Drivers/STM32F1xx_HAL_Driver/Src/stm32f1xx_hal_flash.o
LOAD ./Drivers/STM32F1xx_HAL_Driver/Src/stm32f1xx_hal_flash_ex.o
LOAD ./Drivers/STM32F1xx_HAL_Driver/Src/stm32f1xx_hal_gpio.o
LOAD ./Drivers/STM32F1xx_HAL_Driver/Src/stm32f1xx_hal_gpio_ex.o
LOAD ./Drivers/STM32F1xx_HAL_Driver/Src/stm32f1xx_hal_i2c.o
LOAD ./Drivers/STM32F1xx_HAL_Driver/Src/stm32f1xx_hal_pwr.o
LOAD ./Drivers/STM32F1xx_HAL_Driver/Src/stm32f1xx_hal_rcc.o
LOAD ./Drivers/STM32F1xx_HAL_Driver/Src/stm32f1xx_hal_rcc_ex.o
LOAD ./Drivers/STM32F1xx_HAL_Driver/Src/stm32f1xx_hal_tim.o
LOAD ./Drivers/STM32F1xx_HAL_Driver/Src/stm32f1xx_hal_tim_ex.o
LOAD ./Drivers/STM32F1xx_HAL_Driver/Src/stm32f1xx_hal_uart.o
START GROUP
LOAD F:/STM32CubeIDE/STM32CubeIDE_1.16.1/STM32CubeIDE/plugins/com.st.stm32cube.ide.mcu.externaltools.gnu-tools-for-stm32.12.3.rel1.win32_1.0.200.202406191623/tools/bin/../lib/gcc/arm-none-eabi/12.3.1/../../../../arm-none-eabi/lib/thumb/v7-m/nofp\libc_nano.a
LOAD F:/STM32CubeIDE/STM32CubeIDE_1.16.1/STM32CubeIDE/plugins/com.st.stm32cube.ide.mcu.externaltools.gnu-tools-for-stm32.12.3.rel1.win32_1.0.200.202406191623/tools/bin/../lib/gcc/arm-none-eabi/12.3.1/../../../../arm-none-eabi/lib/thumb/v7-m/nofp\libm.a
END GROUP
START GROUP
LOAD F:/STM32CubeIDE/STM32CubeIDE_1.16.1/STM32CubeIDE/plugins/com.st.stm32cube.ide.mcu.externaltools.gnu-tools-for-stm32.12.3.rel1.win32_1.0.200.202406191623/tools/bin/../lib/gcc/arm-none-eabi/12.3.1/thumb/v7-m/nofp\libgcc.a
LOAD F:/STM32CubeIDE/STM32CubeIDE_1.16.1/STM32CubeIDE/plugins/com.st.stm32cube.ide.mcu.externaltools.gnu-tools-for-stm32.12.3.rel1.win32_1.0.200.202406191623/tools/bin/../lib/gcc/arm-none-eabi/12.3.1/../../../../arm-none-eabi/lib/thumb/v7-m/nofp\libc_nano.a
END GROUP
START GROUP
LOAD F:/STM32CubeIDE/STM32CubeIDE_1.16.1/STM32CubeIDE/plugins/com.st.stm32cube.ide.mcu.externaltools.gnu-tools-for-stm32.12.3.rel1.win32_1.0.200.202406191623/tools/bin/../lib/gcc/arm-none-eabi/12.3.1/thumb/v7-m/nofp\libgcc.a
LOAD F:/STM32CubeIDE/STM32CubeIDE_1.16.1/STM32CubeIDE/plugins/com.st.stm32cube.ide.mcu.externaltools.gnu-tools-for-stm32.12.3.rel1.win32_1.0.200.202406191623/tools/bin/../lib/gcc/arm-none-eabi/12.3.1/../../../../arm-none-eabi/lib/thumb/v7-m/nofp\libc_nano.a
LOAD F:/STM32CubeIDE/STM32CubeIDE_1.16.1/STM32CubeIDE/plugins/com.st.stm32cube.ide.mcu.externaltools.gnu-tools-for-stm32.12.3.rel1.win32_1.0.200.202406191623/tools/bin/../lib/gcc/arm-none-eabi/12.3.1/../../../../arm-none-eabi/lib/thumb/v7-m/nofp\libnosys.a
END GROUP
START GROUP
LOAD F:/STM32CubeIDE/STM32CubeIDE_1.16.1/STM32CubeIDE/plugins/com.st.stm32cube.ide.mcu.externaltools.gnu-tools-for-stm32.12.3.rel1.win32_1.0.200.202406191623/tools/bin/../lib/gcc/arm-none-eabi/12.3.1/thumb/v7-m/nofp\libgcc.a
LOAD F:/STM32CubeIDE/STM32CubeIDE_1.16.1/STM32CubeIDE/plugins/com.st.stm32cube.ide.mcu.externaltools.gnu-tools-for-stm32.12.3.rel1.win32_1.0.200.202406191623/tools/bin/../lib/gcc/arm-none-eabi/12.3.1/../../../../arm-none-eabi/lib/thumb/v7-m/nofp\libc_nano.a
LOAD F:/STM32CubeIDE/STM32CubeIDE_1.16.1/STM32CubeIDE/plugins/com.st.stm32cube.ide.mcu.externaltools.gnu-tools-for-stm32.12.3.rel1.win32_1.0.200.202406191623/tools/bin/../lib/gcc/arm-none-eabi/12.3.1/../../../../arm-none-eabi/lib/thumb/v7-m/nofp\libnosys.a
END GROUP
LOAD F:/STM32CubeIDE/STM32CubeIDE_1.16.1/STM32CubeIDE/plugins/com.st.stm32cube.ide.mcu.externaltools.gnu-tools-for-stm32.12.3.rel1.win32_1.0.200.202406191623/tools/bin/../lib/gcc/arm-none-eabi/12.3.1/thumb/v7-m/nofp/crtend.o
LOAD F:/STM32CubeIDE/STM32CubeIDE_1.16.1/STM32CubeIDE/plugins/com.st.stm32cube.ide.mcu.externaltools.gnu-tools-for-stm32.12.3.rel1.win32_1.0.200.202406191623/tools/bin/../lib/gcc/arm-none-eabi/12.3.1/thumb/v7-m/nofp/crtn.o
                0x20005000                        _estack = (ORIGIN (RAM) + LENGTH (RAM))
                0x00000200                        _Min_Heap_Size = 0x200
                0x00000400                        _Min_Stack_Size = 0x400

.isr_vector     0x08000000      0x10c
                0x08000000                        . = ALIGN (0x4)
 *(.isr_vector)
 .isr_vector    0x08000000      0x10c ./Core/Startup/startup_stm32f103c8tx.o
                0x08000000                g_pfnVectors
                0x0800010c                        . = ALIGN (0x4)

.text           0x08000110     0xc6b8
                0x08000110                        . = ALIGN (0x4)
 *(.text)
 .text          0x08000110       0x40 F:/STM32CubeIDE/STM32CubeIDE_1.16.1/STM32CubeIDE/plugins/com.st.stm32cube.ide.mcu.externaltools.gnu-tools-for-stm32.12.3.rel1.win32_1.0.200.202406191623/tools/bin/../lib/gcc/arm-none-eabi/12.3.1/thumb/v7-m/nofp/crtbegin.o
 .text          0x08000150       0x10 F:/STM32CubeIDE/STM32CubeIDE_1.16.1/STM32CubeIDE/plugins/com.st.stm32cube.ide.mcu.externaltools.gnu-tools-for-stm32.12.3.rel1.win32_1.0.200.202406191623/tools/bin/../lib/gcc/arm-none-eabi/12.3.1/../../../../arm-none-eabi/lib/thumb/v7-m/nofp\libc_nano.a(libc_a-strlen.o)
                0x08000150                strlen
 .text          0x08000160      0x378 F:/STM32CubeIDE/STM32CubeIDE_1.16.1/STM32CubeIDE/plugins/com.st.stm32cube.ide.mcu.externaltools.gnu-tools-for-stm32.12.3.rel1.win32_1.0.200.202406191623/tools/bin/../lib/gcc/arm-none-eabi/12.3.1/thumb/v7-m/nofp\libgcc.a(_arm_addsubdf3.o)
                0x08000160                __aeabi_drsub
                0x08000168                __aeabi_dsub
                0x08000168                __subdf3
                0x0800016c                __aeabi_dadd
                0x0800016c                __adddf3
                0x080003e4                __floatunsidf
                0x080003e4                __aeabi_ui2d
                0x08000404                __floatsidf
                0x08000404                __aeabi_i2d
                0x08000428                __aeabi_f2d
                0x08000428                __extendsfdf2
                0x0800046c                __floatundidf
                0x0800046c                __aeabi_ul2d
                0x0800047c                __floatdidf
                0x0800047c                __aeabi_l2d
 .text          0x080004d8      0x424 F:/STM32CubeIDE/STM32CubeIDE_1.16.1/STM32CubeIDE/plugins/com.st.stm32cube.ide.mcu.externaltools.gnu-tools-for-stm32.12.3.rel1.win32_1.0.200.202406191623/tools/bin/../lib/gcc/arm-none-eabi/12.3.1/thumb/v7-m/nofp\libgcc.a(_arm_muldivdf3.o)
                0x080004d8                __aeabi_dmul
                0x080004d8                __muldf3
                0x0800072c                __divdf3
                0x0800072c                __aeabi_ddiv
 .text          0x080008fc      0x110 F:/STM32CubeIDE/STM32CubeIDE_1.16.1/STM32CubeIDE/plugins/com.st.stm32cube.ide.mcu.externaltools.gnu-tools-for-stm32.12.3.rel1.win32_1.0.200.202406191623/tools/bin/../lib/gcc/arm-none-eabi/12.3.1/thumb/v7-m/nofp\libgcc.a(_arm_cmpdf2.o)
                0x080008fc                __gtdf2
                0x080008fc                __gedf2
                0x08000904                __ltdf2
                0x08000904                __ledf2
                0x0800090c                __nedf2
                0x0800090c                __eqdf2
                0x0800090c                __cmpdf2
                0x08000988                __aeabi_cdrcmple
                0x08000998                __aeabi_cdcmpeq
                0x08000998                __aeabi_cdcmple
                0x080009a8                __aeabi_dcmpeq
                0x080009bc                __aeabi_dcmplt
                0x080009d0                __aeabi_dcmple
                0x080009e4                __aeabi_dcmpge
                0x080009f8                __aeabi_dcmpgt
 .text          0x08000a0c       0x2c F:/STM32CubeIDE/STM32CubeIDE_1.16.1/STM32CubeIDE/plugins/com.st.stm32cube.ide.mcu.externaltools.gnu-tools-for-stm32.12.3.rel1.win32_1.0.200.202406191623/tools/bin/../lib/gcc/arm-none-eabi/12.3.1/thumb/v7-m/nofp\libgcc.a(_arm_unorddf2.o)
                0x08000a0c                __unorddf2
                0x08000a0c                __aeabi_dcmpun
 .text          0x08000a38       0x50 F:/STM32CubeIDE/STM32CubeIDE_1.16.1/STM32CubeIDE/plugins/com.st.stm32cube.ide.mcu.externaltools.gnu-tools-for-stm32.12.3.rel1.win32_1.0.200.202406191623/tools/bin/../lib/gcc/arm-none-eabi/12.3.1/thumb/v7-m/nofp\libgcc.a(_arm_fixdfsi.o)
                0x08000a38                __aeabi_d2iz
                0x08000a38                __fixdfsi
 .text          0x08000a88       0x40 F:/STM32CubeIDE/STM32CubeIDE_1.16.1/STM32CubeIDE/plugins/com.st.stm32cube.ide.mcu.externaltools.gnu-tools-for-stm32.12.3.rel1.win32_1.0.200.202406191623/tools/bin/../lib/gcc/arm-none-eabi/12.3.1/thumb/v7-m/nofp\libgcc.a(_arm_fixunsdfsi.o)
                0x08000a88                __aeabi_d2uiz
                0x08000a88                __fixunsdfsi
 .text          0x08000ac8       0xa0 F:/STM32CubeIDE/STM32CubeIDE_1.16.1/STM32CubeIDE/plugins/com.st.stm32cube.ide.mcu.externaltools.gnu-tools-for-stm32.12.3.rel1.win32_1.0.200.202406191623/tools/bin/../lib/gcc/arm-none-eabi/12.3.1/thumb/v7-m/nofp\libgcc.a(_arm_truncdfsf2.o)
                0x08000ac8                __truncdfsf2
                0x08000ac8                __aeabi_d2f
 .text          0x08000b68      0x21c F:/STM32CubeIDE/STM32CubeIDE_1.16.1/STM32CubeIDE/plugins/com.st.stm32cube.ide.mcu.externaltools.gnu-tools-for-stm32.12.3.rel1.win32_1.0.200.202406191623/tools/bin/../lib/gcc/arm-none-eabi/12.3.1/thumb/v7-m/nofp\libgcc.a(_arm_addsubsf3.o)
                0x08000b68                __aeabi_frsub
                0x08000b70                __subsf3
                0x08000b70                __aeabi_fsub
                0x08000b74                __aeabi_fadd
                0x08000b74                __addsf3
                0x08000cd4                __aeabi_ui2f
                0x08000cd4                __floatunsisf
                0x08000cdc                __aeabi_i2f
                0x08000cdc                __floatsisf
                0x08000cf8                __aeabi_ul2f
                0x08000cf8                __floatundisf
                0x08000d08                __aeabi_l2f
                0x08000d08                __floatdisf
 .text          0x08000d84      0x2a0 F:/STM32CubeIDE/STM32CubeIDE_1.16.1/STM32CubeIDE/plugins/com.st.stm32cube.ide.mcu.externaltools.gnu-tools-for-stm32.12.3.rel1.win32_1.0.200.202406191623/tools/bin/../lib/gcc/arm-none-eabi/12.3.1/thumb/v7-m/nofp\libgcc.a(_arm_muldivsf3.o)
                0x08000d84                __mulsf3
                0x08000d84                __aeabi_fmul
                0x08000eec                __aeabi_fdiv
                0x08000eec                __divsf3
 .text          0x08001024       0xec F:/STM32CubeIDE/STM32CubeIDE_1.16.1/STM32CubeIDE/plugins/com.st.stm32cube.ide.mcu.externaltools.gnu-tools-for-stm32.12.3.rel1.win32_1.0.200.202406191623/tools/bin/../lib/gcc/arm-none-eabi/12.3.1/thumb/v7-m/nofp\libgcc.a(_arm_cmpsf2.o)
                0x08001024                __gesf2
                0x08001024                __gtsf2
                0x0800102c                __lesf2
                0x0800102c                __ltsf2
                0x08001034                __nesf2
                0x08001034                __eqsf2
                0x08001034                __cmpsf2
                0x08001094                __aeabi_cfrcmple
                0x0800109c                __aeabi_cfcmpeq
                0x0800109c                __aeabi_cfcmple
                0x080010ac                __aeabi_fcmpeq
                0x080010c0                __aeabi_fcmplt
                0x080010d4                __aeabi_fcmple
                0x080010e8                __aeabi_fcmpge
                0x080010fc                __aeabi_fcmpgt
 .text          0x08001110       0x4c F:/STM32CubeIDE/STM32CubeIDE_1.16.1/STM32CubeIDE/plugins/com.st.stm32cube.ide.mcu.externaltools.gnu-tools-for-stm32.12.3.rel1.win32_1.0.200.202406191623/tools/bin/../lib/gcc/arm-none-eabi/12.3.1/thumb/v7-m/nofp\libgcc.a(_arm_fixsfsi.o)
                0x08001110                __aeabi_f2iz
                0x08001110                __fixsfsi
 .text          0x0800115c       0x40 F:/STM32CubeIDE/STM32CubeIDE_1.16.1/STM32CubeIDE/plugins/com.st.stm32cube.ide.mcu.externaltools.gnu-tools-for-stm32.12.3.rel1.win32_1.0.200.202406191623/tools/bin/../lib/gcc/arm-none-eabi/12.3.1/thumb/v7-m/nofp\libgcc.a(_arm_fixunssfsi.o)
                0x0800115c                __fixunssfsi
                0x0800115c                __aeabi_f2uiz
 .text          0x0800119c       0x30 F:/STM32CubeIDE/STM32CubeIDE_1.16.1/STM32CubeIDE/plugins/com.st.stm32cube.ide.mcu.externaltools.gnu-tools-for-stm32.12.3.rel1.win32_1.0.200.202406191623/tools/bin/../lib/gcc/arm-none-eabi/12.3.1/thumb/v7-m/nofp\libgcc.a(_fixdfdi.o)
                0x0800119c                __fixdfdi
                0x0800119c                __aeabi_d2lz
 .text          0x080011cc       0x3c F:/STM32CubeIDE/STM32CubeIDE_1.16.1/STM32CubeIDE/plugins/com.st.stm32cube.ide.mcu.externaltools.gnu-tools-for-stm32.12.3.rel1.win32_1.0.200.202406191623/tools/bin/../lib/gcc/arm-none-eabi/12.3.1/thumb/v7-m/nofp\libgcc.a(_fixunsdfdi.o)
                0x080011cc                __fixunsdfdi
                0x080011cc                __aeabi_d2ulz
 *(.text*)
 .text.MX_GPIO_Init
                0x08001208      0x10c ./Core/Src/gpio.o
                0x08001208                MX_GPIO_Init
 .text.MX_I2C2_Init
                0x08001314       0x5c ./Core/Src/i2c.o
                0x08001314                MX_I2C2_Init
 .text.HAL_I2C_MspInit
                0x08001370       0x80 ./Core/Src/i2c.o
                0x08001370                HAL_I2C_MspInit
 .text.__io_putchar
                0x080013f0       0x24 ./Core/Src/main.o
                0x080013f0                __io_putchar
 .text.cmd_vel  0x08001414       0x3e ./Core/Src/main.o
                0x08001414                cmd_vel
 .text.p_calc   0x08001452       0x2a ./Core/Src/main.o
                0x08001452                p_calc
 .text.pi_calc  0x0800147c       0x94 ./Core/Src/main.o
                0x0800147c                pi_calc
 .text.main     0x08001510      0x1cc ./Core/Src/main.o
                0x08001510                main
 .text.SystemClock_Config
                0x080016dc       0x8a ./Core/Src/main.o
                0x080016dc                SystemClock_Config
 *fill*         0x08001766        0x2 
 .text.HAL_UART_RxCpltCallback
                0x08001768       0xb0 ./Core/Src/main.o
                0x08001768                HAL_UART_RxCpltCallback
 .text.HAL_TIM_PeriodElapsedCallback
                0x08001818      0x16c ./Core/Src/main.o
                0x08001818                HAL_TIM_PeriodElapsedCallback
 .text.Error_Handler
                0x08001984        0xc ./Core/Src/main.o
                0x08001984                Error_Handler
 .text.HAL_MspInit
                0x08001990       0x64 ./Core/Src/stm32f1xx_hal_msp.o
                0x08001990                HAL_MspInit
 .text.NMI_Handler
                0x080019f4        0x8 ./Core/Src/stm32f1xx_it.o
                0x080019f4                NMI_Handler
 .text.HardFault_Handler
                0x080019fc        0x8 ./Core/Src/stm32f1xx_it.o
                0x080019fc                HardFault_Handler
 .text.MemManage_Handler
                0x08001a04        0x8 ./Core/Src/stm32f1xx_it.o
                0x08001a04                MemManage_Handler
 .text.BusFault_Handler
                0x08001a0c        0x8 ./Core/Src/stm32f1xx_it.o
                0x08001a0c                BusFault_Handler
 .text.UsageFault_Handler
                0x08001a14        0x8 ./Core/Src/stm32f1xx_it.o
                0x08001a14                UsageFault_Handler
 .text.SVC_Handler
                0x08001a1c        0xc ./Core/Src/stm32f1xx_it.o
                0x08001a1c                SVC_Handler
 .text.DebugMon_Handler
                0x08001a28        0xc ./Core/Src/stm32f1xx_it.o
                0x08001a28                DebugMon_Handler
 .text.PendSV_Handler
                0x08001a34        0xc ./Core/Src/stm32f1xx_it.o
                0x08001a34                PendSV_Handler
 .text.SysTick_Handler
                0x08001a40        0xc ./Core/Src/stm32f1xx_it.o
                0x08001a40                SysTick_Handler
 .text.TIM4_IRQHandler
                0x08001a4c       0x14 ./Core/Src/stm32f1xx_it.o
                0x08001a4c                TIM4_IRQHandler
 .text.USART2_IRQHandler
                0x08001a60       0x14 ./Core/Src/stm32f1xx_it.o
                0x08001a60                USART2_IRQHandler
 .text._getpid  0x08001a74        0xe ./Core/Src/syscalls.o
                0x08001a74                _getpid
 .text._kill    0x08001a82       0x20 ./Core/Src/syscalls.o
                0x08001a82                _kill
 .text._exit    0x08001aa2       0x16 ./Core/Src/syscalls.o
                0x08001aa2                _exit
 .text._read    0x08001ab8       0x3a ./Core/Src/syscalls.o
                0x08001ab8                _read
 .text._write   0x08001af2       0x38 ./Core/Src/syscalls.o
                0x08001af2                _write
 .text._close   0x08001b2a       0x16 ./Core/Src/syscalls.o
                0x08001b2a                _close
 .text._fstat   0x08001b40       0x1e ./Core/Src/syscalls.o
                0x08001b40                _fstat
 .text._isatty  0x08001b5e       0x14 ./Core/Src/syscalls.o
                0x08001b5e                _isatty
 .text._lseek   0x08001b72       0x18 ./Core/Src/syscalls.o
                0x08001b72                _lseek
 *fill*         0x08001b8a        0x2 
 .text._sbrk    0x08001b8c       0x6c ./Core/Src/sysmem.o
                0x08001b8c                _sbrk
 .text.SystemInit
                0x08001bf8        0xc ./Core/Src/system_stm32f1xx.o
                0x08001bf8                SystemInit
 .text.MX_TIM1_Init
                0x08001c04       0xb0 ./Core/Src/tim.o
                0x08001c04                MX_TIM1_Init
 .text.MX_TIM2_Init
                0x08001cb4       0xc8 ./Core/Src/tim.o
                0x08001cb4                MX_TIM2_Init
 .text.MX_TIM3_Init
                0x08001d7c       0xa8 ./Core/Src/tim.o
                0x08001d7c                MX_TIM3_Init
 .text.MX_TIM4_Init
                0x08001e24       0x9c ./Core/Src/tim.o
                0x08001e24                MX_TIM4_Init
 .text.HAL_TIM_Encoder_MspInit
                0x08001ec0       0xd8 ./Core/Src/tim.o
                0x08001ec0                HAL_TIM_Encoder_MspInit
 .text.HAL_TIM_PWM_MspInit
                0x08001f98       0x38 ./Core/Src/tim.o
                0x08001f98                HAL_TIM_PWM_MspInit
 .text.HAL_TIM_Base_MspInit
                0x08001fd0       0x4c ./Core/Src/tim.o
                0x08001fd0                HAL_TIM_Base_MspInit
 .text.HAL_TIM_MspPostInit
                0x0800201c       0x60 ./Core/Src/tim.o
                0x0800201c                HAL_TIM_MspPostInit
 .text.MX_USART2_UART_Init
                0x0800207c       0x54 ./Core/Src/usart.o
                0x0800207c                MX_USART2_UART_Init
 .text.HAL_UART_MspInit
                0x080020d0       0xa4 ./Core/Src/usart.o
                0x080020d0                HAL_UART_MspInit
 .text.Reset_Handler
                0x08002174       0x48 ./Core/Startup/startup_stm32f103c8tx.o
                0x08002174                Reset_Handler
 .text.Default_Handler
                0x080021bc        0x2 ./Core/Startup/startup_stm32f103c8tx.o
                0x080021bc                RTC_Alarm_IRQHandler
                0x080021bc                EXTI2_IRQHandler
                0x080021bc                TIM1_CC_IRQHandler
                0x080021bc                PVD_IRQHandler
                0x080021bc                EXTI3_IRQHandler
                0x080021bc                EXTI0_IRQHandler
                0x080021bc                I2C2_EV_IRQHandler
                0x080021bc                ADC1_2_IRQHandler
                0x080021bc                SPI1_IRQHandler
                0x080021bc                TAMPER_IRQHandler
                0x080021bc                DMA1_Channel4_IRQHandler
                0x080021bc                USART3_IRQHandler
                0x080021bc                RTC_IRQHandler
                0x080021bc                DMA1_Channel7_IRQHandler
                0x080021bc                CAN1_RX1_IRQHandler
                0x080021bc                I2C1_EV_IRQHandler
                0x080021bc                DMA1_Channel6_IRQHandler
                0x080021bc                TIM3_IRQHandler
                0x080021bc                RCC_IRQHandler
                0x080021bc                TIM1_TRG_COM_IRQHandler
                0x080021bc                DMA1_Channel1_IRQHandler
                0x080021bc                Default_Handler
                0x080021bc                EXTI15_10_IRQHandler
                0x080021bc                EXTI9_5_IRQHandler
                0x080021bc                SPI2_IRQHandler
                0x080021bc                DMA1_Channel5_IRQHandler
                0x080021bc                EXTI4_IRQHandler
                0x080021bc                USB_LP_CAN1_RX0_IRQHandler
                0x080021bc                USB_HP_CAN1_TX_IRQHandler
                0x080021bc                DMA1_Channel3_IRQHandler
                0x080021bc                TIM1_UP_IRQHandler
                0x080021bc                WWDG_IRQHandler
                0x080021bc                TIM2_IRQHandler
                0x080021bc                TIM1_BRK_IRQHandler
                0x080021bc                EXTI1_IRQHandler
                0x080021bc                I2C2_ER_IRQHandler
                0x080021bc                DMA1_Channel2_IRQHandler
                0x080021bc                CAN1_SCE_IRQHandler
                0x080021bc                FLASH_IRQHandler
                0x080021bc                USART1_IRQHandler
                0x080021bc                I2C1_ER_IRQHandler
                0x080021bc                USBWakeUp_IRQHandler
 *fill*         0x080021be        0x2 
 .text.Encoder_Init
                0x080021c0       0x20 ./Devices/Encoder/Encoder.o
                0x080021c0                Encoder_Init
 .text.Encoder_Read
                0x080021e0       0xf0 ./Devices/Encoder/Encoder.o
                0x080021e0                Encoder_Read
 .text.mpu6050_row_2_scale
                0x080022d0       0x80 ./Devices/MPU6050/MPU6050.o
 .text.mpu6050_orientation_matrix_to_scalar
                0x08002350       0x50 ./Devices/MPU6050/MPU6050.o
 .text.MPU6050_DMP_Init
                0x080023a0       0xb4 ./Devices/MPU6050/MPU6050.o
                0x080023a0                MPU6050_DMP_Init
 .text.MPU6050_DMP_GetROSGyroz
                0x08002454       0xa8 ./Devices/MPU6050/MPU6050.o
                0x08002454                MPU6050_DMP_GetROSGyroz
 .text.stm32_i2c_write
                0x080024fc       0x54 ./Devices/MPU6050/inv_mpu.o
 .text.stm32_i2c_read
                0x08002550       0x54 ./Devices/MPU6050/inv_mpu.o
 .text.stm32_delay_ms
                0x080025a4       0x16 ./Devices/MPU6050/inv_mpu.o
 *fill*         0x080025ba        0x2 
 .text.set_int_enable
                0x080025bc       0xb4 ./Devices/MPU6050/inv_mpu.o
 .text.mpu_init
                0x08002670      0x150 ./Devices/MPU6050/inv_mpu.o
                0x08002670                mpu_init
 .text.mpu_lp_accel_mode
                0x080027c0       0xec ./Devices/MPU6050/inv_mpu.o
                0x080027c0                mpu_lp_accel_mode
 .text.mpu_reset_fifo
                0x080028ac      0x208 ./Devices/MPU6050/inv_mpu.o
                0x080028ac                mpu_reset_fifo
 .text.mpu_set_gyro_fsr
                0x08002ab4       0xa8 ./Devices/MPU6050/inv_mpu.o
                0x08002ab4                mpu_set_gyro_fsr
 .text.mpu_get_accel_fsr
                0x08002b5c       0x74 ./Devices/MPU6050/inv_mpu.o
                0x08002b5c                mpu_get_accel_fsr
 .text.mpu_set_accel_fsr
                0x08002bd0       0xd0 ./Devices/MPU6050/inv_mpu.o
                0x08002bd0                mpu_set_accel_fsr
 .text.mpu_set_lpf
                0x08002ca0       0x9c ./Devices/MPU6050/inv_mpu.o
                0x08002ca0                mpu_set_lpf
 .text.mpu_set_sample_rate
                0x08002d3c       0xcc ./Devices/MPU6050/inv_mpu.o
                0x08002d3c                mpu_set_sample_rate
 .text.mpu_configure_fifo
                0x08002e08       0xa4 ./Devices/MPU6050/inv_mpu.o
                0x08002e08                mpu_configure_fifo
 .text.mpu_set_sensors
                0x08002eac      0x10c ./Devices/MPU6050/inv_mpu.o
                0x08002eac                mpu_set_sensors
 .text.mpu_read_fifo_stream
                0x08002fb8       0xfc ./Devices/MPU6050/inv_mpu.o
                0x08002fb8                mpu_read_fifo_stream
 .text.mpu_set_bypass
                0x080030b4      0x18c ./Devices/MPU6050/inv_mpu.o
                0x080030b4                mpu_set_bypass
 .text.mpu_set_int_latched
                0x08003240       0x88 ./Devices/MPU6050/inv_mpu.o
                0x08003240                mpu_set_int_latched
 .text.mpu_write_mem
                0x080032c8       0xa4 ./Devices/MPU6050/inv_mpu.o
                0x080032c8                mpu_write_mem
 .text.mpu_read_mem
                0x0800336c       0xa4 ./Devices/MPU6050/inv_mpu.o
                0x0800336c                mpu_read_mem
 .text.mpu_load_firmware
                0x08003410       0xfc ./Devices/MPU6050/inv_mpu.o
                0x08003410                mpu_load_firmware
 .text.mpu_set_dmp_state
                0x0800350c       0xa8 ./Devices/MPU6050/inv_mpu.o
                0x0800350c                mpu_set_dmp_state
 .text.stm32_get_ms
                0x080035b4       0x20 ./Devices/MPU6050/inv_mpu_dmp_motion_driver.o
 .text.dmp_load_motion_driver_firmware
                0x080035d4       0x20 ./Devices/MPU6050/inv_mpu_dmp_motion_driver.o
                0x080035d4                dmp_load_motion_driver_firmware
 .text.dmp_set_orientation
                0x080035f4      0x1d8 ./Devices/MPU6050/inv_mpu_dmp_motion_driver.o
                0x080035f4                dmp_set_orientation
 .text.dmp_set_fifo_rate
                0x080037cc       0x90 ./Devices/MPU6050/inv_mpu_dmp_motion_driver.o
                0x080037cc                dmp_set_fifo_rate
 .text.dmp_set_tap_thresh
                0x0800385c      0x254 ./Devices/MPU6050/inv_mpu_dmp_motion_driver.o
                0x0800385c                dmp_set_tap_thresh
 .text.dmp_set_tap_axes
                0x08003ab0       0x64 ./Devices/MPU6050/inv_mpu_dmp_motion_driver.o
                0x08003ab0                dmp_set_tap_axes
 .text.dmp_set_tap_count
                0x08003b14       0x42 ./Devices/MPU6050/inv_mpu_dmp_motion_driver.o
                0x08003b14                dmp_set_tap_count
 *fill*         0x08003b56        0x2 
 .text.dmp_set_tap_time
                0x08003b58       0x44 ./Devices/MPU6050/inv_mpu_dmp_motion_driver.o
                0x08003b58                dmp_set_tap_time
 .text.dmp_set_tap_time_multi
                0x08003b9c       0x44 ./Devices/MPU6050/inv_mpu_dmp_motion_driver.o
                0x08003b9c                dmp_set_tap_time_multi
 .text.dmp_set_shake_reject_thresh
                0x08003be0       0x60 ./Devices/MPU6050/inv_mpu_dmp_motion_driver.o
                0x08003be0                dmp_set_shake_reject_thresh
 .text.dmp_set_shake_reject_time
                0x08003c40       0x44 ./Devices/MPU6050/inv_mpu_dmp_motion_driver.o
                0x08003c40                dmp_set_shake_reject_time
 .text.dmp_set_shake_reject_timeout
                0x08003c84       0x44 ./Devices/MPU6050/inv_mpu_dmp_motion_driver.o
                0x08003c84                dmp_set_shake_reject_timeout
 .text.dmp_enable_feature
                0x08003cc8      0x250 ./Devices/MPU6050/inv_mpu_dmp_motion_driver.o
                0x08003cc8                dmp_enable_feature
 .text.dmp_enable_gyro_cal
                0x08003f18       0x60 ./Devices/MPU6050/inv_mpu_dmp_motion_driver.o
                0x08003f18                dmp_enable_gyro_cal
 .text.dmp_enable_lp_quat
                0x08003f78       0x4e ./Devices/MPU6050/inv_mpu_dmp_motion_driver.o
                0x08003f78                dmp_enable_lp_quat
 .text.dmp_enable_6x_lp_quat
                0x08003fc6       0x4e ./Devices/MPU6050/inv_mpu_dmp_motion_driver.o
                0x08003fc6                dmp_enable_6x_lp_quat
 .text.decode_gesture
                0x08004014       0x88 ./Devices/MPU6050/inv_mpu_dmp_motion_driver.o
 .text.dmp_read_fifo
                0x0800409c      0x2d8 ./Devices/MPU6050/inv_mpu_dmp_motion_driver.o
                0x0800409c                dmp_read_fifo
 .text.OLED_I2C_Init
                0x08004374       0x24 ./Devices/OLED/OLED.o
                0x08004374                OLED_I2C_Init
 .text.OLED_I2C_Start
                0x08004398       0x3c ./Devices/OLED/OLED.o
                0x08004398                OLED_I2C_Start
 .text.OLED_I2C_Stop
                0x080043d4       0x30 ./Devices/OLED/OLED.o
                0x080043d4                OLED_I2C_Stop
 .text.OLED_I2C_SendByte
                0x08004404       0x78 ./Devices/OLED/OLED.o
                0x08004404                OLED_I2C_SendByte
 .text.OLED_WriteCommand
                0x0800447c       0x2e ./Devices/OLED/OLED.o
                0x0800447c                OLED_WriteCommand
 .text.OLED_WriteData
                0x080044aa       0x2e ./Devices/OLED/OLED.o
                0x080044aa                OLED_WriteData
 .text.OLED_SetCursor
                0x080044d8       0x46 ./Devices/OLED/OLED.o
                0x080044d8                OLED_SetCursor
 .text.OLED_Clear
                0x0800451e       0x46 ./Devices/OLED/OLED.o
                0x0800451e                OLED_Clear
 .text.OLED_ShowChar
                0x08004564       0xb4 ./Devices/OLED/OLED.o
                0x08004564                OLED_ShowChar
 .text.OLED_ShowString
                0x08004618       0x4a ./Devices/OLED/OLED.o
                0x08004618                OLED_ShowString
 .text.OLED_Pow
                0x08004662       0x30 ./Devices/OLED/OLED.o
                0x08004662                OLED_Pow
 *fill*         0x08004692        0x2 
 .text.OLED_ShowNum
                0x08004694       0x7c ./Devices/OLED/OLED.o
                0x08004694                OLED_ShowNum
 .text.OLED_ShowSignedFloat
                0x08004710       0xe0 ./Devices/OLED/OLED.o
                0x08004710                OLED_ShowSignedFloat
 .text.OLED_Init
                0x080047f0       0xc8 ./Devices/OLED/OLED.o
                0x080047f0                OLED_Init
 .text.TB6612_Init
                0x080048b8       0x1c ./Devices/TB6612/TB6612.o
                0x080048b8                TB6612_Init
 .text.TB6612_Motor
                0x080048d4      0x10c ./Devices/TB6612/TB6612.o
                0x080048d4                TB6612_Motor
 .text.HAL_Init
                0x080049e0       0x2c ./Drivers/STM32F1xx_HAL_Driver/Src/stm32f1xx_hal.o
                0x080049e0                HAL_Init
 .text.HAL_InitTick
                0x08004a0c       0x60 ./Drivers/STM32F1xx_HAL_Driver/Src/stm32f1xx_hal.o
                0x08004a0c                HAL_InitTick
 .text.HAL_IncTick
                0x08004a6c       0x24 ./Drivers/STM32F1xx_HAL_Driver/Src/stm32f1xx_hal.o
                0x08004a6c                HAL_IncTick
 .text.HAL_GetTick
                0x08004a90       0x14 ./Drivers/STM32F1xx_HAL_Driver/Src/stm32f1xx_hal.o
                0x08004a90                HAL_GetTick
 .text.HAL_Delay
                0x08004aa4       0x48 ./Drivers/STM32F1xx_HAL_Driver/Src/stm32f1xx_hal.o
                0x08004aa4                HAL_Delay
 .text.__NVIC_SetPriorityGrouping
                0x08004aec       0x48 ./Drivers/STM32F1xx_HAL_Driver/Src/stm32f1xx_hal_cortex.o
 .text.__NVIC_GetPriorityGrouping
                0x08004b34       0x1c ./Drivers/STM32F1xx_HAL_Driver/Src/stm32f1xx_hal_cortex.o
 .text.__NVIC_EnableIRQ
                0x08004b50       0x38 ./Drivers/STM32F1xx_HAL_Driver/Src/stm32f1xx_hal_cortex.o
 .text.__NVIC_SetPriority
                0x08004b88       0x54 ./Drivers/STM32F1xx_HAL_Driver/Src/stm32f1xx_hal_cortex.o
 .text.NVIC_EncodePriority
                0x08004bdc       0x64 ./Drivers/STM32F1xx_HAL_Driver/Src/stm32f1xx_hal_cortex.o
 .text.SysTick_Config
                0x08004c40       0x44 ./Drivers/STM32F1xx_HAL_Driver/Src/stm32f1xx_hal_cortex.o
 .text.HAL_NVIC_SetPriorityGrouping
                0x08004c84       0x16 ./Drivers/STM32F1xx_HAL_Driver/Src/stm32f1xx_hal_cortex.o
                0x08004c84                HAL_NVIC_SetPriorityGrouping
 .text.HAL_NVIC_SetPriority
                0x08004c9a       0x38 ./Drivers/STM32F1xx_HAL_Driver/Src/stm32f1xx_hal_cortex.o
                0x08004c9a                HAL_NVIC_SetPriority
 .text.HAL_NVIC_EnableIRQ
                0x08004cd2       0x1c ./Drivers/STM32F1xx_HAL_Driver/Src/stm32f1xx_hal_cortex.o
                0x08004cd2                HAL_NVIC_EnableIRQ
 .text.HAL_SYSTICK_Config
                0x08004cee       0x18 ./Drivers/STM32F1xx_HAL_Driver/Src/stm32f1xx_hal_cortex.o
                0x08004cee                HAL_SYSTICK_Config
 .text.HAL_DMA_Abort
                0x08004d06       0x76 ./Drivers/STM32F1xx_HAL_Driver/Src/stm32f1xx_hal_dma.o
                0x08004d06                HAL_DMA_Abort
 .text.HAL_DMA_Abort_IT
                0x08004d7c       0xf0 ./Drivers/STM32F1xx_HAL_Driver/Src/stm32f1xx_hal_dma.o
                0x08004d7c                HAL_DMA_Abort_IT
 .text.HAL_GPIO_Init
                0x08004e6c      0x308 ./Drivers/STM32F1xx_HAL_Driver/Src/stm32f1xx_hal_gpio.o
                0x08004e6c                HAL_GPIO_Init
 .text.HAL_GPIO_WritePin
                0x08005174       0x30 ./Drivers/STM32F1xx_HAL_Driver/Src/stm32f1xx_hal_gpio.o
                0x08005174                HAL_GPIO_WritePin
 .text.HAL_I2C_Init
                0x080051a4      0x288 ./Drivers/STM32F1xx_HAL_Driver/Src/stm32f1xx_hal_i2c.o
                0x080051a4                HAL_I2C_Init
 .text.HAL_I2C_Mem_Write
                0x0800542c      0x1f4 ./Drivers/STM32F1xx_HAL_Driver/Src/stm32f1xx_hal_i2c.o
                0x0800542c                HAL_I2C_Mem_Write
 .text.HAL_I2C_Mem_Read
                0x08005620      0x4e8 ./Drivers/STM32F1xx_HAL_Driver/Src/stm32f1xx_hal_i2c.o
                0x08005620                HAL_I2C_Mem_Read
 .text.I2C_RequestMemoryWrite
                0x08005b08      0x12c ./Drivers/STM32F1xx_HAL_Driver/Src/stm32f1xx_hal_i2c.o
 .text.I2C_RequestMemoryRead
                0x08005c34      0x1d0 ./Drivers/STM32F1xx_HAL_Driver/Src/stm32f1xx_hal_i2c.o
 .text.I2C_WaitOnFlagUntilTimeout
                0x08005e04       0xf4 ./Drivers/STM32F1xx_HAL_Driver/Src/stm32f1xx_hal_i2c.o
 .text.I2C_WaitOnMasterAddressFlagUntilTimeout
                0x08005ef8      0x140 ./Drivers/STM32F1xx_HAL_Driver/Src/stm32f1xx_hal_i2c.o
 .text.I2C_WaitOnTXEFlagUntilTimeout
                0x08006038       0x90 ./Drivers/STM32F1xx_HAL_Driver/Src/stm32f1xx_hal_i2c.o
 .text.I2C_WaitOnBTFFlagUntilTimeout
                0x080060c8       0x90 ./Drivers/STM32F1xx_HAL_Driver/Src/stm32f1xx_hal_i2c.o
 .text.I2C_WaitOnRXNEFlagUntilTimeout
                0x08006158       0xba ./Drivers/STM32F1xx_HAL_Driver/Src/stm32f1xx_hal_i2c.o
 .text.I2C_IsAcknowledgeFailed
                0x08006212       0x5c ./Drivers/STM32F1xx_HAL_Driver/Src/stm32f1xx_hal_i2c.o
 *fill*         0x0800626e        0x2 
 .text.HAL_RCC_OscConfig
                0x08006270      0x504 ./Drivers/STM32F1xx_HAL_Driver/Src/stm32f1xx_hal_rcc.o
                0x08006270                HAL_RCC_OscConfig
 .text.HAL_RCC_ClockConfig
                0x08006774      0x1d4 ./Drivers/STM32F1xx_HAL_Driver/Src/stm32f1xx_hal_rcc.o
                0x08006774                HAL_RCC_ClockConfig
 .text.HAL_RCC_GetSysClockFreq
                0x08006948       0xa8 ./Drivers/STM32F1xx_HAL_Driver/Src/stm32f1xx_hal_rcc.o
                0x08006948                HAL_RCC_GetSysClockFreq
 .text.HAL_RCC_GetHCLKFreq
                0x080069f0       0x14 ./Drivers/STM32F1xx_HAL_Driver/Src/stm32f1xx_hal_rcc.o
                0x080069f0                HAL_RCC_GetHCLKFreq
 .text.HAL_RCC_GetPCLK1Freq
                0x08006a04       0x28 ./Drivers/STM32F1xx_HAL_Driver/Src/stm32f1xx_hal_rcc.o
                0x08006a04                HAL_RCC_GetPCLK1Freq
 .text.HAL_RCC_GetPCLK2Freq
                0x08006a2c       0x28 ./Drivers/STM32F1xx_HAL_Driver/Src/stm32f1xx_hal_rcc.o
                0x08006a2c                HAL_RCC_GetPCLK2Freq
 .text.RCC_Delay
                0x08006a54       0x3c ./Drivers/STM32F1xx_HAL_Driver/Src/stm32f1xx_hal_rcc.o
 .text.HAL_TIM_Base_Init
                0x08006a90       0x9e ./Drivers/STM32F1xx_HAL_Driver/Src/stm32f1xx_hal_tim.o
                0x08006a90                HAL_TIM_Base_Init
 *fill*         0x08006b2e        0x2 
 .text.HAL_TIM_Base_Start_IT
                0x08006b30       0xa4 ./Drivers/STM32F1xx_HAL_Driver/Src/stm32f1xx_hal_tim.o
                0x08006b30                HAL_TIM_Base_Start_IT
 .text.HAL_TIM_PWM_Init
                0x08006bd4       0x9e ./Drivers/STM32F1xx_HAL_Driver/Src/stm32f1xx_hal_tim.o
                0x08006bd4                HAL_TIM_PWM_Init
 *fill*         0x08006c72        0x2 
 .text.HAL_TIM_PWM_Start
                0x08006c74      0x144 ./Drivers/STM32F1xx_HAL_Driver/Src/stm32f1xx_hal_tim.o
                0x08006c74                HAL_TIM_PWM_Start
 .text.HAL_TIM_Encoder_Init
                0x08006db8      0x144 ./Drivers/STM32F1xx_HAL_Driver/Src/stm32f1xx_hal_tim.o
                0x08006db8                HAL_TIM_Encoder_Init
 .text.HAL_TIM_Encoder_Start
                0x08006efc      0x11c ./Drivers/STM32F1xx_HAL_Driver/Src/stm32f1xx_hal_tim.o
                0x08006efc                HAL_TIM_Encoder_Start
 .text.HAL_TIM_IRQHandler
                0x08007018      0x1e0 ./Drivers/STM32F1xx_HAL_Driver/Src/stm32f1xx_hal_tim.o
                0x08007018                HAL_TIM_IRQHandler
 .text.HAL_TIM_PWM_ConfigChannel
                0x080071f8      0x184 ./Drivers/STM32F1xx_HAL_Driver/Src/stm32f1xx_hal_tim.o
                0x080071f8                HAL_TIM_PWM_ConfigChannel
 .text.HAL_TIM_ConfigClockSource
                0x0800737c      0x18e ./Drivers/STM32F1xx_HAL_Driver/Src/stm32f1xx_hal_tim.o
                0x0800737c                HAL_TIM_ConfigClockSource
 .text.HAL_TIM_OC_DelayElapsedCallback
                0x0800750a       0x12 ./Drivers/STM32F1xx_HAL_Driver/Src/stm32f1xx_hal_tim.o
                0x0800750a                HAL_TIM_OC_DelayElapsedCallback
 .text.HAL_TIM_IC_CaptureCallback
                0x0800751c       0x12 ./Drivers/STM32F1xx_HAL_Driver/Src/stm32f1xx_hal_tim.o
                0x0800751c                HAL_TIM_IC_CaptureCallback
 .text.HAL_TIM_PWM_PulseFinishedCallback
                0x0800752e       0x12 ./Drivers/STM32F1xx_HAL_Driver/Src/stm32f1xx_hal_tim.o
                0x0800752e                HAL_TIM_PWM_PulseFinishedCallback
 .text.HAL_TIM_TriggerCallback
                0x08007540       0x12 ./Drivers/STM32F1xx_HAL_Driver/Src/stm32f1xx_hal_tim.o
                0x08007540                HAL_TIM_TriggerCallback
 *fill*         0x08007552        0x2 
 .text.TIM_Base_SetConfig
                0x08007554       0xdc ./Drivers/STM32F1xx_HAL_Driver/Src/stm32f1xx_hal_tim.o
                0x08007554                TIM_Base_SetConfig
 .text.TIM_OC1_SetConfig
                0x08007630       0xcc ./Drivers/STM32F1xx_HAL_Driver/Src/stm32f1xx_hal_tim.o
 .text.TIM_OC2_SetConfig
                0x080076fc       0xd4 ./Drivers/STM32F1xx_HAL_Driver/Src/stm32f1xx_hal_tim.o
                0x080076fc                TIM_OC2_SetConfig
 .text.TIM_OC3_SetConfig
                0x080077d0       0xd4 ./Drivers/STM32F1xx_HAL_Driver/Src/stm32f1xx_hal_tim.o
 .text.TIM_OC4_SetConfig
                0x080078a4       0x9c ./Drivers/STM32F1xx_HAL_Driver/Src/stm32f1xx_hal_tim.o
 .text.TIM_TI1_ConfigInputStage
                0x08007940       0x5c ./Drivers/STM32F1xx_HAL_Driver/Src/stm32f1xx_hal_tim.o
 .text.TIM_TI2_ConfigInputStage
                0x0800799c       0x5e ./Drivers/STM32F1xx_HAL_Driver/Src/stm32f1xx_hal_tim.o
 .text.TIM_ITRx_SetConfig
                0x080079fa       0x34 ./Drivers/STM32F1xx_HAL_Driver/Src/stm32f1xx_hal_tim.o
 .text.TIM_ETR_SetConfig
                0x08007a2e       0x3e ./Drivers/STM32F1xx_HAL_Driver/Src/stm32f1xx_hal_tim.o
                0x08007a2e                TIM_ETR_SetConfig
 .text.TIM_CCxChannelCmd
                0x08007a6c       0x48 ./Drivers/STM32F1xx_HAL_Driver/Src/stm32f1xx_hal_tim.o
                0x08007a6c                TIM_CCxChannelCmd
 .text.HAL_TIMEx_MasterConfigSynchronization
                0x08007ab4       0xbc ./Drivers/STM32F1xx_HAL_Driver/Src/stm32f1xx_hal_tim_ex.o
                0x08007ab4                HAL_TIMEx_MasterConfigSynchronization
 .text.HAL_TIMEx_CommutCallback
                0x08007b70       0x12 ./Drivers/STM32F1xx_HAL_Driver/Src/stm32f1xx_hal_tim_ex.o
                0x08007b70                HAL_TIMEx_CommutCallback
 .text.HAL_TIMEx_BreakCallback
                0x08007b82       0x12 ./Drivers/STM32F1xx_HAL_Driver/Src/stm32f1xx_hal_tim_ex.o
                0x08007b82                HAL_TIMEx_BreakCallback
 .text.HAL_UART_Init
                0x08007b94       0xa0 ./Drivers/STM32F1xx_HAL_Driver/Src/stm32f1xx_hal_uart.o
                0x08007b94                HAL_UART_Init
 .text.HAL_UART_Transmit
                0x08007c34      0x116 ./Drivers/STM32F1xx_HAL_Driver/Src/stm32f1xx_hal_uart.o
                0x08007c34                HAL_UART_Transmit
 .text.HAL_UART_Receive_IT
                0x08007d4a       0x4a ./Drivers/STM32F1xx_HAL_Driver/Src/stm32f1xx_hal_uart.o
                0x08007d4a                HAL_UART_Receive_IT
 .text.HAL_UART_IRQHandler
                0x08007d94      0x524 ./Drivers/STM32F1xx_HAL_Driver/Src/stm32f1xx_hal_uart.o
                0x08007d94                HAL_UART_IRQHandler
 .text.HAL_UART_TxCpltCallback
                0x080082b8       0x12 ./Drivers/STM32F1xx_HAL_Driver/Src/stm32f1xx_hal_uart.o
                0x080082b8                HAL_UART_TxCpltCallback
 .text.HAL_UART_ErrorCallback
                0x080082ca       0x12 ./Drivers/STM32F1xx_HAL_Driver/Src/stm32f1xx_hal_uart.o
                0x080082ca                HAL_UART_ErrorCallback
 .text.HAL_UARTEx_RxEventCallback
                0x080082dc       0x16 ./Drivers/STM32F1xx_HAL_Driver/Src/stm32f1xx_hal_uart.o
                0x080082dc                HAL_UARTEx_RxEventCallback
 .text.UART_WaitOnFlagUntilTimeout
                0x080082f2       0xb2 ./Drivers/STM32F1xx_HAL_Driver/Src/stm32f1xx_hal_uart.o
 .text.UART_Start_Receive_IT
                0x080083a4       0x72 ./Drivers/STM32F1xx_HAL_Driver/Src/stm32f1xx_hal_uart.o
                0x080083a4                UART_Start_Receive_IT
 .text.UART_EndRxTransfer
                0x08008416       0xc4 ./Drivers/STM32F1xx_HAL_Driver/Src/stm32f1xx_hal_uart.o
 .text.UART_DMAAbortOnError
                0x080084da       0x28 ./Drivers/STM32F1xx_HAL_Driver/Src/stm32f1xx_hal_uart.o
 .text.UART_Transmit_IT
                0x08008502       0x9e ./Drivers/STM32F1xx_HAL_Driver/Src/stm32f1xx_hal_uart.o
 .text.UART_EndTransmit_IT
                0x080085a0       0x30 ./Drivers/STM32F1xx_HAL_Driver/Src/stm32f1xx_hal_uart.o
 .text.UART_Receive_IT
                0x080085d0      0x17c ./Drivers/STM32F1xx_HAL_Driver/Src/stm32f1xx_hal_uart.o
 .text.UART_SetConfig
                0x0800874c      0x11c ./Drivers/STM32F1xx_HAL_Driver/Src/stm32f1xx_hal_uart.o
 .text.atof     0x08008868        0x6 F:/STM32CubeIDE/STM32CubeIDE_1.16.1/STM32CubeIDE/plugins/com.st.stm32cube.ide.mcu.externaltools.gnu-tools-for-stm32.12.3.rel1.win32_1.0.200.202406191623/tools/bin/../lib/gcc/arm-none-eabi/12.3.1/../../../../arm-none-eabi/lib/thumb/v7-m/nofp\libc_nano.a(libc_a-atof.o)
                0x08008868                atof
 .text.sulp     0x0800886e       0x42 F:/STM32CubeIDE/STM32CubeIDE_1.16.1/STM32CubeIDE/plugins/com.st.stm32cube.ide.mcu.externaltools.gnu-tools-for-stm32.12.3.rel1.win32_1.0.200.202406191623/tools/bin/../lib/gcc/arm-none-eabi/12.3.1/../../../../arm-none-eabi/lib/thumb/v7-m/nofp\libc_nano.a(libc_a-strtod.o)
 .text._strtod_l
                0x080088b0      0xbb0 F:/STM32CubeIDE/STM32CubeIDE_1.16.1/STM32CubeIDE/plugins/com.st.stm32cube.ide.mcu.externaltools.gnu-tools-for-stm32.12.3.rel1.win32_1.0.200.202406191623/tools/bin/../lib/gcc/arm-none-eabi/12.3.1/../../../../arm-none-eabi/lib/thumb/v7-m/nofp\libc_nano.a(libc_a-strtod.o)
                0x080088b0                _strtod_l
 .text.strtod   0x08009460       0x18 F:/STM32CubeIDE/STM32CubeIDE_1.16.1/STM32CubeIDE/plugins/com.st.stm32cube.ide.mcu.externaltools.gnu-tools-for-stm32.12.3.rel1.win32_1.0.200.202406191623/tools/bin/../lib/gcc/arm-none-eabi/12.3.1/../../../../arm-none-eabi/lib/thumb/v7-m/nofp\libc_nano.a(libc_a-strtod.o)
                0x08009460                strtod
 .text.__cvt    0x08009478       0xc8 F:/STM32CubeIDE/STM32CubeIDE_1.16.1/STM32CubeIDE/plugins/com.st.stm32cube.ide.mcu.externaltools.gnu-tools-for-stm32.12.3.rel1.win32_1.0.200.202406191623/tools/bin/../lib/gcc/arm-none-eabi/12.3.1/../../../../arm-none-eabi/lib/thumb/v7-m/nofp\libc_nano.a(libc_a-nano-vfprintf_float.o)
                0x08009478                __cvt
 .text.__exponent
                0x08009540       0x74 F:/STM32CubeIDE/STM32CubeIDE_1.16.1/STM32CubeIDE/plugins/com.st.stm32cube.ide.mcu.externaltools.gnu-tools-for-stm32.12.3.rel1.win32_1.0.200.202406191623/tools/bin/../lib/gcc/arm-none-eabi/12.3.1/../../../../arm-none-eabi/lib/thumb/v7-m/nofp\libc_nano.a(libc_a-nano-vfprintf_float.o)
                0x08009540                __exponent
 .text._printf_float
                0x080095b4      0x458 F:/STM32CubeIDE/STM32CubeIDE_1.16.1/STM32CubeIDE/plugins/com.st.stm32cube.ide.mcu.externaltools.gnu-tools-for-stm32.12.3.rel1.win32_1.0.200.202406191623/tools/bin/../lib/gcc/arm-none-eabi/12.3.1/../../../../arm-none-eabi/lib/thumb/v7-m/nofp\libc_nano.a(libc_a-nano-vfprintf_float.o)
                0x080095b4                _printf_float
 .text._printf_common
                0x08009a0c       0xe4 F:/STM32CubeIDE/STM32CubeIDE_1.16.1/STM32CubeIDE/plugins/com.st.stm32cube.ide.mcu.externaltools.gnu-tools-for-stm32.12.3.rel1.win32_1.0.200.202406191623/tools/bin/../lib/gcc/arm-none-eabi/12.3.1/../../../../arm-none-eabi/lib/thumb/v7-m/nofp\libc_nano.a(libc_a-nano-vfprintf_i.o)
                0x08009a0c                _printf_common
 .text._printf_i
                0x08009af0      0x240 F:/STM32CubeIDE/STM32CubeIDE_1.16.1/STM32CubeIDE/plugins/com.st.stm32cube.ide.mcu.externaltools.gnu-tools-for-stm32.12.3.rel1.win32_1.0.200.202406191623/tools/bin/../lib/gcc/arm-none-eabi/12.3.1/../../../../arm-none-eabi/lib/thumb/v7-m/nofp\libc_nano.a(libc_a-nano-vfprintf_i.o)
                0x08009af0                _printf_i
 .text.std      0x08009d30       0x6c F:/STM32CubeIDE/STM32CubeIDE_1.16.1/STM32CubeIDE/plugins/com.st.stm32cube.ide.mcu.externaltools.gnu-tools-for-stm32.12.3.rel1.win32_1.0.200.202406191623/tools/bin/../lib/gcc/arm-none-eabi/12.3.1/../../../../arm-none-eabi/lib/thumb/v7-m/nofp\libc_nano.a(libc_a-findfp.o)
 .text.stdio_exit_handler
                0x08009d9c       0x18 F:/STM32CubeIDE/STM32CubeIDE_1.16.1/STM32CubeIDE/plugins/com.st.stm32cube.ide.mcu.externaltools.gnu-tools-for-stm32.12.3.rel1.win32_1.0.200.202406191623/tools/bin/../lib/gcc/arm-none-eabi/12.3.1/../../../../arm-none-eabi/lib/thumb/v7-m/nofp\libc_nano.a(libc_a-findfp.o)
 .text.cleanup_stdio
                0x08009db4       0x40 F:/STM32CubeIDE/STM32CubeIDE_1.16.1/STM32CubeIDE/plugins/com.st.stm32cube.ide.mcu.externaltools.gnu-tools-for-stm32.12.3.rel1.win32_1.0.200.202406191623/tools/bin/../lib/gcc/arm-none-eabi/12.3.1/../../../../arm-none-eabi/lib/thumb/v7-m/nofp\libc_nano.a(libc_a-findfp.o)
 .text.global_stdio_init.part.0
                0x08009df4       0x3c F:/STM32CubeIDE/STM32CubeIDE_1.16.1/STM32CubeIDE/plugins/com.st.stm32cube.ide.mcu.externaltools.gnu-tools-for-stm32.12.3.rel1.win32_1.0.200.202406191623/tools/bin/../lib/gcc/arm-none-eabi/12.3.1/../../../../arm-none-eabi/lib/thumb/v7-m/nofp\libc_nano.a(libc_a-findfp.o)
 .text.__sfp_lock_acquire
                0x08009e30        0xc F:/STM32CubeIDE/STM32CubeIDE_1.16.1/STM32CubeIDE/plugins/com.st.stm32cube.ide.mcu.externaltools.gnu-tools-for-stm32.12.3.rel1.win32_1.0.200.202406191623/tools/bin/../lib/gcc/arm-none-eabi/12.3.1/../../../../arm-none-eabi/lib/thumb/v7-m/nofp\libc_nano.a(libc_a-findfp.o)
                0x08009e30                __sfp_lock_acquire
 .text.__sfp_lock_release
                0x08009e3c        0xc F:/STM32CubeIDE/STM32CubeIDE_1.16.1/STM32CubeIDE/plugins/com.st.stm32cube.ide.mcu.externaltools.gnu-tools-for-stm32.12.3.rel1.win32_1.0.200.202406191623/tools/bin/../lib/gcc/arm-none-eabi/12.3.1/../../../../arm-none-eabi/lib/thumb/v7-m/nofp\libc_nano.a(libc_a-findfp.o)
                0x08009e3c                __sfp_lock_release
 .text.__sinit  0x08009e48       0x30 F:/STM32CubeIDE/STM32CubeIDE_1.16.1/STM32CubeIDE/plugins/com.st.stm32cube.ide.mcu.externaltools.gnu-tools-for-stm32.12.3.rel1.win32_1.0.200.202406191623/tools/bin/../lib/gcc/arm-none-eabi/12.3.1/../../../../arm-none-eabi/lib/thumb/v7-m/nofp\libc_nano.a(libc_a-findfp.o)
                0x08009e48                __sinit
 .text._fwalk_sglue
                0x08009e78       0x3c F:/STM32CubeIDE/STM32CubeIDE_1.16.1/STM32CubeIDE/plugins/com.st.stm32cube.ide.mcu.externaltools.gnu-tools-for-stm32.12.3.rel1.win32_1.0.200.202406191623/tools/bin/../lib/gcc/arm-none-eabi/12.3.1/../../../../arm-none-eabi/lib/thumb/v7-m/nofp\libc_nano.a(libc_a-fwalk.o)
                0x08009e78                _fwalk_sglue
 .text.printf   0x08009eb4       0x24 F:/STM32CubeIDE/STM32CubeIDE_1.16.1/STM32CubeIDE/plugins/com.st.stm32cube.ide.mcu.externaltools.gnu-tools-for-stm32.12.3.rel1.win32_1.0.200.202406191623/tools/bin/../lib/gcc/arm-none-eabi/12.3.1/../../../../arm-none-eabi/lib/thumb/v7-m/nofp\libc_nano.a(libc_a-printf.o)
                0x08009eb4                iprintf
                0x08009eb4                printf
 .text.__sread  0x08009ed8       0x22 F:/STM32CubeIDE/STM32CubeIDE_1.16.1/STM32CubeIDE/plugins/com.st.stm32cube.ide.mcu.externaltools.gnu-tools-for-stm32.12.3.rel1.win32_1.0.200.202406191623/tools/bin/../lib/gcc/arm-none-eabi/12.3.1/../../../../arm-none-eabi/lib/thumb/v7-m/nofp\libc_nano.a(libc_a-stdio.o)
                0x08009ed8                __sread
 .text.__swrite
                0x08009efa       0x38 F:/STM32CubeIDE/STM32CubeIDE_1.16.1/STM32CubeIDE/plugins/com.st.stm32cube.ide.mcu.externaltools.gnu-tools-for-stm32.12.3.rel1.win32_1.0.200.202406191623/tools/bin/../lib/gcc/arm-none-eabi/12.3.1/../../../../arm-none-eabi/lib/thumb/v7-m/nofp\libc_nano.a(libc_a-stdio.o)
                0x08009efa                __swrite
 .text.__sseek  0x08009f32       0x24 F:/STM32CubeIDE/STM32CubeIDE_1.16.1/STM32CubeIDE/plugins/com.st.stm32cube.ide.mcu.externaltools.gnu-tools-for-stm32.12.3.rel1.win32_1.0.200.202406191623/tools/bin/../lib/gcc/arm-none-eabi/12.3.1/../../../../arm-none-eabi/lib/thumb/v7-m/nofp\libc_nano.a(libc_a-stdio.o)
                0x08009f32                __sseek
 .text.__sclose
                0x08009f56        0x8 F:/STM32CubeIDE/STM32CubeIDE_1.16.1/STM32CubeIDE/plugins/com.st.stm32cube.ide.mcu.externaltools.gnu-tools-for-stm32.12.3.rel1.win32_1.0.200.202406191623/tools/bin/../lib/gcc/arm-none-eabi/12.3.1/../../../../arm-none-eabi/lib/thumb/v7-m/nofp\libc_nano.a(libc_a-stdio.o)
                0x08009f56                __sclose
 .text.memcmp   0x08009f5e       0x20 F:/STM32CubeIDE/STM32CubeIDE_1.16.1/STM32CubeIDE/plugins/com.st.stm32cube.ide.mcu.externaltools.gnu-tools-for-stm32.12.3.rel1.win32_1.0.200.202406191623/tools/bin/../lib/gcc/arm-none-eabi/12.3.1/../../../../arm-none-eabi/lib/thumb/v7-m/nofp\libc_nano.a(libc_a-memcmp.o)
                0x08009f5e                memcmp
 .text.memset   0x08009f7e       0x10 F:/STM32CubeIDE/STM32CubeIDE_1.16.1/STM32CubeIDE/plugins/com.st.stm32cube.ide.mcu.externaltools.gnu-tools-for-stm32.12.3.rel1.win32_1.0.200.202406191623/tools/bin/../lib/gcc/arm-none-eabi/12.3.1/../../../../arm-none-eabi/lib/thumb/v7-m/nofp\libc_nano.a(libc_a-memset.o)
                0x08009f7e                memset
 .text.strncmp  0x08009f8e       0x24 F:/STM32CubeIDE/STM32CubeIDE_1.16.1/STM32CubeIDE/plugins/com.st.stm32cube.ide.mcu.externaltools.gnu-tools-for-stm32.12.3.rel1.win32_1.0.200.202406191623/tools/bin/../lib/gcc/arm-none-eabi/12.3.1/../../../../arm-none-eabi/lib/thumb/v7-m/nofp\libc_nano.a(libc_a-strncmp.o)
                0x08009f8e                strncmp
 *fill*         0x08009fb2        0x2 
 .text.strtok   0x08009fb4       0x68 F:/STM32CubeIDE/STM32CubeIDE_1.16.1/STM32CubeIDE/plugins/com.st.stm32cube.ide.mcu.externaltools.gnu-tools-for-stm32.12.3.rel1.win32_1.0.200.202406191623/tools/bin/../lib/gcc/arm-none-eabi/12.3.1/../../../../arm-none-eabi/lib/thumb/v7-m/nofp\libc_nano.a(libc_a-strtok.o)
                0x08009fb4                strtok
 .text.__strtok_r
                0x0800a01c       0x50 F:/STM32CubeIDE/STM32CubeIDE_1.16.1/STM32CubeIDE/plugins/com.st.stm32cube.ide.mcu.externaltools.gnu-tools-for-stm32.12.3.rel1.win32_1.0.200.202406191623/tools/bin/../lib/gcc/arm-none-eabi/12.3.1/../../../../arm-none-eabi/lib/thumb/v7-m/nofp\libc_nano.a(libc_a-strtok_r.o)
                0x0800a01c                __strtok_r
 .text.strstr   0x0800a06c       0x2c F:/STM32CubeIDE/STM32CubeIDE_1.16.1/STM32CubeIDE/plugins/com.st.stm32cube.ide.mcu.externaltools.gnu-tools-for-stm32.12.3.rel1.win32_1.0.200.202406191623/tools/bin/../lib/gcc/arm-none-eabi/12.3.1/../../../../arm-none-eabi/lib/thumb/v7-m/nofp\libc_nano.a(libc_a-strstr.o)
                0x0800a06c                strstr
 .text._localeconv_r
                0x0800a098        0x8 F:/STM32CubeIDE/STM32CubeIDE_1.16.1/STM32CubeIDE/plugins/com.st.stm32cube.ide.mcu.externaltools.gnu-tools-for-stm32.12.3.rel1.win32_1.0.200.202406191623/tools/bin/../lib/gcc/arm-none-eabi/12.3.1/../../../../arm-none-eabi/lib/thumb/v7-m/nofp\libc_nano.a(libc_a-localeconv.o)
                0x0800a098                _localeconv_r
 .text._close_r
                0x0800a0a0       0x20 F:/STM32CubeIDE/STM32CubeIDE_1.16.1/STM32CubeIDE/plugins/com.st.stm32cube.ide.mcu.externaltools.gnu-tools-for-stm32.12.3.rel1.win32_1.0.200.202406191623/tools/bin/../lib/gcc/arm-none-eabi/12.3.1/../../../../arm-none-eabi/lib/thumb/v7-m/nofp\libc_nano.a(libc_a-closer.o)
                0x0800a0a0                _close_r
 .text._lseek_r
                0x0800a0c0       0x24 F:/STM32CubeIDE/STM32CubeIDE_1.16.1/STM32CubeIDE/plugins/com.st.stm32cube.ide.mcu.externaltools.gnu-tools-for-stm32.12.3.rel1.win32_1.0.200.202406191623/tools/bin/../lib/gcc/arm-none-eabi/12.3.1/../../../../arm-none-eabi/lib/thumb/v7-m/nofp\libc_nano.a(libc_a-lseekr.o)
                0x0800a0c0                _lseek_r
 .text._read_r  0x0800a0e4       0x24 F:/STM32CubeIDE/STM32CubeIDE_1.16.1/STM32CubeIDE/plugins/com.st.stm32cube.ide.mcu.externaltools.gnu-tools-for-stm32.12.3.rel1.win32_1.0.200.202406191623/tools/bin/../lib/gcc/arm-none-eabi/12.3.1/../../../../arm-none-eabi/lib/thumb/v7-m/nofp\libc_nano.a(libc_a-readr.o)
                0x0800a0e4                _read_r
 .text._write_r
                0x0800a108       0x24 F:/STM32CubeIDE/STM32CubeIDE_1.16.1/STM32CubeIDE/plugins/com.st.stm32cube.ide.mcu.externaltools.gnu-tools-for-stm32.12.3.rel1.win32_1.0.200.202406191623/tools/bin/../lib/gcc/arm-none-eabi/12.3.1/../../../../arm-none-eabi/lib/thumb/v7-m/nofp\libc_nano.a(libc_a-writer.o)
                0x0800a108                _write_r
 .text.__errno  0x0800a12c        0xc F:/STM32CubeIDE/STM32CubeIDE_1.16.1/STM32CubeIDE/plugins/com.st.stm32cube.ide.mcu.externaltools.gnu-tools-for-stm32.12.3.rel1.win32_1.0.200.202406191623/tools/bin/../lib/gcc/arm-none-eabi/12.3.1/../../../../arm-none-eabi/lib/thumb/v7-m/nofp\libc_nano.a(libc_a-errno.o)
                0x0800a12c                __errno
 .text.__libc_init_array
                0x0800a138       0x48 F:/STM32CubeIDE/STM32CubeIDE_1.16.1/STM32CubeIDE/plugins/com.st.stm32cube.ide.mcu.externaltools.gnu-tools-for-stm32.12.3.rel1.win32_1.0.200.202406191623/tools/bin/../lib/gcc/arm-none-eabi/12.3.1/../../../../arm-none-eabi/lib/thumb/v7-m/nofp\libc_nano.a(libc_a-init.o)
                0x0800a138                __libc_init_array
 .text.__retarget_lock_init_recursive
                0x0800a180        0x2 F:/STM32CubeIDE/STM32CubeIDE_1.16.1/STM32CubeIDE/plugins/com.st.stm32cube.ide.mcu.externaltools.gnu-tools-for-stm32.12.3.rel1.win32_1.0.200.202406191623/tools/bin/../lib/gcc/arm-none-eabi/12.3.1/../../../../arm-none-eabi/lib/thumb/v7-m/nofp\libc_nano.a(libc_a-lock.o)
                0x0800a180                __retarget_lock_init_recursive
 .text.__retarget_lock_acquire_recursive
                0x0800a182        0x2 F:/STM32CubeIDE/STM32CubeIDE_1.16.1/STM32CubeIDE/plugins/com.st.stm32cube.ide.mcu.externaltools.gnu-tools-for-stm32.12.3.rel1.win32_1.0.200.202406191623/tools/bin/../lib/gcc/arm-none-eabi/12.3.1/../../../../arm-none-eabi/lib/thumb/v7-m/nofp\libc_nano.a(libc_a-lock.o)
                0x0800a182                __retarget_lock_acquire_recursive
 .text.__retarget_lock_release_recursive
                0x0800a184        0x2 F:/STM32CubeIDE/STM32CubeIDE_1.16.1/STM32CubeIDE/plugins/com.st.stm32cube.ide.mcu.externaltools.gnu-tools-for-stm32.12.3.rel1.win32_1.0.200.202406191623/tools/bin/../lib/gcc/arm-none-eabi/12.3.1/../../../../arm-none-eabi/lib/thumb/v7-m/nofp\libc_nano.a(libc_a-lock.o)
                0x0800a184                __retarget_lock_release_recursive
 .text.strcpy   0x0800a186       0x10 F:/STM32CubeIDE/STM32CubeIDE_1.16.1/STM32CubeIDE/plugins/com.st.stm32cube.ide.mcu.externaltools.gnu-tools-for-stm32.12.3.rel1.win32_1.0.200.202406191623/tools/bin/../lib/gcc/arm-none-eabi/12.3.1/../../../../arm-none-eabi/lib/thumb/v7-m/nofp\libc_nano.a(libc_a-strcpy.o)
                0x0800a186                strcpy
 .text.memchr   0x0800a196       0x1c F:/STM32CubeIDE/STM32CubeIDE_1.16.1/STM32CubeIDE/plugins/com.st.stm32cube.ide.mcu.externaltools.gnu-tools-for-stm32.12.3.rel1.win32_1.0.200.202406191623/tools/bin/../lib/gcc/arm-none-eabi/12.3.1/../../../../arm-none-eabi/lib/thumb/v7-m/nofp\libc_nano.a(libc_a-memchr-stub.o)
                0x0800a196                memchr
 .text.memcpy   0x0800a1b2       0x1c F:/STM32CubeIDE/STM32CubeIDE_1.16.1/STM32CubeIDE/plugins/com.st.stm32cube.ide.mcu.externaltools.gnu-tools-for-stm32.12.3.rel1.win32_1.0.200.202406191623/tools/bin/../lib/gcc/arm-none-eabi/12.3.1/../../../../arm-none-eabi/lib/thumb/v7-m/nofp\libc_nano.a(libc_a-memcpy-stub.o)
                0x0800a1b2                memcpy
 *fill*         0x0800a1ce        0x2 
 .text.nan      0x0800a1d0        0xc F:/STM32CubeIDE/STM32CubeIDE_1.16.1/STM32CubeIDE/plugins/com.st.stm32cube.ide.mcu.externaltools.gnu-tools-for-stm32.12.3.rel1.win32_1.0.200.202406191623/tools/bin/../lib/gcc/arm-none-eabi/12.3.1/../../../../arm-none-eabi/lib/thumb/v7-m/nofp\libc_nano.a(libm_a-s_nan.o)
                0x0800a1d0                nan
 .text.__assert_func
                0x0800a1dc       0x3c F:/STM32CubeIDE/STM32CubeIDE_1.16.1/STM32CubeIDE/plugins/com.st.stm32cube.ide.mcu.externaltools.gnu-tools-for-stm32.12.3.rel1.win32_1.0.200.202406191623/tools/bin/../lib/gcc/arm-none-eabi/12.3.1/../../../../arm-none-eabi/lib/thumb/v7-m/nofp\libc_nano.a(libc_a-assert.o)
                0x0800a1dc                __assert_func
 .text.quorem   0x0800a218      0x110 F:/STM32CubeIDE/STM32CubeIDE_1.16.1/STM32CubeIDE/plugins/com.st.stm32cube.ide.mcu.externaltools.gnu-tools-for-stm32.12.3.rel1.win32_1.0.200.202406191623/tools/bin/../lib/gcc/arm-none-eabi/12.3.1/../../../../arm-none-eabi/lib/thumb/v7-m/nofp\libc_nano.a(libc_a-dtoa.o)
 .text._dtoa_r  0x0800a328      0xb90 F:/STM32CubeIDE/STM32CubeIDE_1.16.1/STM32CubeIDE/plugins/com.st.stm32cube.ide.mcu.externaltools.gnu-tools-for-stm32.12.3.rel1.win32_1.0.200.202406191623/tools/bin/../lib/gcc/arm-none-eabi/12.3.1/../../../../arm-none-eabi/lib/thumb/v7-m/nofp\libc_nano.a(libc_a-dtoa.o)
                0x0800a328                _dtoa_r
 .text._free_r  0x0800aeb8       0x90 F:/STM32CubeIDE/STM32CubeIDE_1.16.1/STM32CubeIDE/plugins/com.st.stm32cube.ide.mcu.externaltools.gnu-tools-for-stm32.12.3.rel1.win32_1.0.200.202406191623/tools/bin/../lib/gcc/arm-none-eabi/12.3.1/../../../../arm-none-eabi/lib/thumb/v7-m/nofp\libc_nano.a(libc_a-freer.o)
                0x0800aeb8                _free_r
 .text.rshift   0x0800af48       0xa6 F:/STM32CubeIDE/STM32CubeIDE_1.16.1/STM32CubeIDE/plugins/com.st.stm32cube.ide.mcu.externaltools.gnu-tools-for-stm32.12.3.rel1.win32_1.0.200.202406191623/tools/bin/../lib/gcc/arm-none-eabi/12.3.1/../../../../arm-none-eabi/lib/thumb/v7-m/nofp\libc_nano.a(libc_a-gdtoa-gethex.o)
 .text.__hexdig_fun
                0x0800afee       0x2a F:/STM32CubeIDE/STM32CubeIDE_1.16.1/STM32CubeIDE/plugins/com.st.stm32cube.ide.mcu.externaltools.gnu-tools-for-stm32.12.3.rel1.win32_1.0.200.202406191623/tools/bin/../lib/gcc/arm-none-eabi/12.3.1/../../../../arm-none-eabi/lib/thumb/v7-m/nofp\libc_nano.a(libc_a-gdtoa-gethex.o)
                0x0800afee                __hexdig_fun
 .text.__gethex
                0x0800b018      0x420 F:/STM32CubeIDE/STM32CubeIDE_1.16.1/STM32CubeIDE/plugins/com.st.stm32cube.ide.mcu.externaltools.gnu-tools-for-stm32.12.3.rel1.win32_1.0.200.202406191623/tools/bin/../lib/gcc/arm-none-eabi/12.3.1/../../../../arm-none-eabi/lib/thumb/v7-m/nofp\libc_nano.a(libc_a-gdtoa-gethex.o)
                0x0800b018                __gethex
 .text.L_shift  0x0800b438       0x24 F:/STM32CubeIDE/STM32CubeIDE_1.16.1/STM32CubeIDE/plugins/com.st.stm32cube.ide.mcu.externaltools.gnu-tools-for-stm32.12.3.rel1.win32_1.0.200.202406191623/tools/bin/../lib/gcc/arm-none-eabi/12.3.1/../../../../arm-none-eabi/lib/thumb/v7-m/nofp\libc_nano.a(libc_a-gdtoa-hexnan.o)
 .text.__match  0x0800b45c       0x28 F:/STM32CubeIDE/STM32CubeIDE_1.16.1/STM32CubeIDE/plugins/com.st.stm32cube.ide.mcu.externaltools.gnu-tools-for-stm32.12.3.rel1.win32_1.0.200.202406191623/tools/bin/../lib/gcc/arm-none-eabi/12.3.1/../../../../arm-none-eabi/lib/thumb/v7-m/nofp\libc_nano.a(libc_a-gdtoa-hexnan.o)
                0x0800b45c                __match
 .text.__hexnan
                0x0800b484      0x136 F:/STM32CubeIDE/STM32CubeIDE_1.16.1/STM32CubeIDE/plugins/com.st.stm32cube.ide.mcu.externaltools.gnu-tools-for-stm32.12.3.rel1.win32_1.0.200.202406191623/tools/bin/../lib/gcc/arm-none-eabi/12.3.1/../../../../arm-none-eabi/lib/thumb/v7-m/nofp\libc_nano.a(libc_a-gdtoa-hexnan.o)
                0x0800b484                __hexnan
 *fill*         0x0800b5ba        0x2 
 .text.malloc   0x0800b5bc       0x10 F:/STM32CubeIDE/STM32CubeIDE_1.16.1/STM32CubeIDE/plugins/com.st.stm32cube.ide.mcu.externaltools.gnu-tools-for-stm32.12.3.rel1.win32_1.0.200.202406191623/tools/bin/../lib/gcc/arm-none-eabi/12.3.1/../../../../arm-none-eabi/lib/thumb/v7-m/nofp\libc_nano.a(libc_a-malloc.o)
                0x0800b5bc                malloc
 .text.sbrk_aligned
                0x0800b5cc       0x44 F:/STM32CubeIDE/STM32CubeIDE_1.16.1/STM32CubeIDE/plugins/com.st.stm32cube.ide.mcu.externaltools.gnu-tools-for-stm32.12.3.rel1.win32_1.0.200.202406191623/tools/bin/../lib/gcc/arm-none-eabi/12.3.1/../../../../arm-none-eabi/lib/thumb/v7-m/nofp\libc_nano.a(libc_a-mallocr.o)
 .text._malloc_r
                0x0800b610      0x100 F:/STM32CubeIDE/STM32CubeIDE_1.16.1/STM32CubeIDE/plugins/com.st.stm32cube.ide.mcu.externaltools.gnu-tools-for-stm32.12.3.rel1.win32_1.0.200.202406191623/tools/bin/../lib/gcc/arm-none-eabi/12.3.1/../../../../arm-none-eabi/lib/thumb/v7-m/nofp\libc_nano.a(libc_a-mallocr.o)
                0x0800b610                _malloc_r
 .text.__ascii_mbtowc
                0x0800b710       0x24 F:/STM32CubeIDE/STM32CubeIDE_1.16.1/STM32CubeIDE/plugins/com.st.stm32cube.ide.mcu.externaltools.gnu-tools-for-stm32.12.3.rel1.win32_1.0.200.202406191623/tools/bin/../lib/gcc/arm-none-eabi/12.3.1/../../../../arm-none-eabi/lib/thumb/v7-m/nofp\libc_nano.a(libc_a-mbtowc_r.o)
                0x0800b710                __ascii_mbtowc
 .text.__malloc_lock
                0x0800b734        0xc F:/STM32CubeIDE/STM32CubeIDE_1.16.1/STM32CubeIDE/plugins/com.st.stm32cube.ide.mcu.externaltools.gnu-tools-for-stm32.12.3.rel1.win32_1.0.200.202406191623/tools/bin/../lib/gcc/arm-none-eabi/12.3.1/../../../../arm-none-eabi/lib/thumb/v7-m/nofp\libc_nano.a(libc_a-mlock.o)
                0x0800b734                __malloc_lock
 .text.__malloc_unlock
                0x0800b740        0xc F:/STM32CubeIDE/STM32CubeIDE_1.16.1/STM32CubeIDE/plugins/com.st.stm32cube.ide.mcu.externaltools.gnu-tools-for-stm32.12.3.rel1.win32_1.0.200.202406191623/tools/bin/../lib/gcc/arm-none-eabi/12.3.1/../../../../arm-none-eabi/lib/thumb/v7-m/nofp\libc_nano.a(libc_a-mlock.o)
                0x0800b740                __malloc_unlock
 .text._Balloc  0x0800b74c       0x80 F:/STM32CubeIDE/STM32CubeIDE_1.16.1/STM32CubeIDE/plugins/com.st.stm32cube.ide.mcu.externaltools.gnu-tools-for-stm32.12.3.rel1.win32_1.0.200.202406191623/tools/bin/../lib/gcc/arm-none-eabi/12.3.1/../../../../arm-none-eabi/lib/thumb/v7-m/nofp\libc_nano.a(libc_a-mprec.o)
                0x0800b74c                _Balloc
 .text._Bfree   0x0800b7cc       0x44 F:/STM32CubeIDE/STM32CubeIDE_1.16.1/STM32CubeIDE/plugins/com.st.stm32cube.ide.mcu.externaltools.gnu-tools-for-stm32.12.3.rel1.win32_1.0.200.202406191623/tools/bin/../lib/gcc/arm-none-eabi/12.3.1/../../../../arm-none-eabi/lib/thumb/v7-m/nofp\libc_nano.a(libc_a-mprec.o)
                0x0800b7cc                _Bfree
 .text.__multadd
                0x0800b810       0x8c F:/STM32CubeIDE/STM32CubeIDE_1.16.1/STM32CubeIDE/plugins/com.st.stm32cube.ide.mcu.externaltools.gnu-tools-for-stm32.12.3.rel1.win32_1.0.200.202406191623/tools/bin/../lib/gcc/arm-none-eabi/12.3.1/../../../../arm-none-eabi/lib/thumb/v7-m/nofp\libc_nano.a(libc_a-mprec.o)
                0x0800b810                __multadd
 .text.__s2b    0x0800b89c       0x94 F:/STM32CubeIDE/STM32CubeIDE_1.16.1/STM32CubeIDE/plugins/com.st.stm32cube.ide.mcu.externaltools.gnu-tools-for-stm32.12.3.rel1.win32_1.0.200.202406191623/tools/bin/../lib/gcc/arm-none-eabi/12.3.1/../../../../arm-none-eabi/lib/thumb/v7-m/nofp\libc_nano.a(libc_a-mprec.o)
                0x0800b89c                __s2b
 .text.__hi0bits
                0x0800b930       0x3e F:/STM32CubeIDE/STM32CubeIDE_1.16.1/STM32CubeIDE/plugins/com.st.stm32cube.ide.mcu.externaltools.gnu-tools-for-stm32.12.3.rel1.win32_1.0.200.202406191623/tools/bin/../lib/gcc/arm-none-eabi/12.3.1/../../../../arm-none-eabi/lib/thumb/v7-m/nofp\libc_nano.a(libc_a-mprec.o)
                0x0800b930                __hi0bits
 .text.__lo0bits
                0x0800b96e       0x5a F:/STM32CubeIDE/STM32CubeIDE_1.16.1/STM32CubeIDE/plugins/com.st.stm32cube.ide.mcu.externaltools.gnu-tools-for-stm32.12.3.rel1.win32_1.0.200.202406191623/tools/bin/../lib/gcc/arm-none-eabi/12.3.1/../../../../arm-none-eabi/lib/thumb/v7-m/nofp\libc_nano.a(libc_a-mprec.o)
                0x0800b96e                __lo0bits
 .text.__i2b    0x0800b9c8       0x2c F:/STM32CubeIDE/STM32CubeIDE_1.16.1/STM32CubeIDE/plugins/com.st.stm32cube.ide.mcu.externaltools.gnu-tools-for-stm32.12.3.rel1.win32_1.0.200.202406191623/tools/bin/../lib/gcc/arm-none-eabi/12.3.1/../../../../arm-none-eabi/lib/thumb/v7-m/nofp\libc_nano.a(libc_a-mprec.o)
                0x0800b9c8                __i2b
 .text.__multiply
                0x0800b9f4      0x150 F:/STM32CubeIDE/STM32CubeIDE_1.16.1/STM32CubeIDE/plugins/com.st.stm32cube.ide.mcu.externaltools.gnu-tools-for-stm32.12.3.rel1.win32_1.0.200.202406191623/tools/bin/../lib/gcc/arm-none-eabi/12.3.1/../../../../arm-none-eabi/lib/thumb/v7-m/nofp\libc_nano.a(libc_a-mprec.o)
                0x0800b9f4                __multiply
 .text.__pow5mult
                0x0800bb44       0xb4 F:/STM32CubeIDE/STM32CubeIDE_1.16.1/STM32CubeIDE/plugins/com.st.stm32cube.ide.mcu.externaltools.gnu-tools-for-stm32.12.3.rel1.win32_1.0.200.202406191623/tools/bin/../lib/gcc/arm-none-eabi/12.3.1/../../../../arm-none-eabi/lib/thumb/v7-m/nofp\libc_nano.a(libc_a-mprec.o)
                0x0800bb44                __pow5mult
 .text.__lshift
                0x0800bbf8       0xd8 F:/STM32CubeIDE/STM32CubeIDE_1.16.1/STM32CubeIDE/plugins/com.st.stm32cube.ide.mcu.externaltools.gnu-tools-for-stm32.12.3.rel1.win32_1.0.200.202406191623/tools/bin/../lib/gcc/arm-none-eabi/12.3.1/../../../../arm-none-eabi/lib/thumb/v7-m/nofp\libc_nano.a(libc_a-mprec.o)
                0x0800bbf8                __lshift
 .text.__mcmp   0x0800bcd0       0x36 F:/STM32CubeIDE/STM32CubeIDE_1.16.1/STM32CubeIDE/plugins/com.st.stm32cube.ide.mcu.externaltools.gnu-tools-for-stm32.12.3.rel1.win32_1.0.200.202406191623/tools/bin/../lib/gcc/arm-none-eabi/12.3.1/../../../../arm-none-eabi/lib/thumb/v7-m/nofp\libc_nano.a(libc_a-mprec.o)
                0x0800bcd0                __mcmp
 *fill*         0x0800bd06        0x2 
 .text.__mdiff  0x0800bd08      0x128 F:/STM32CubeIDE/STM32CubeIDE_1.16.1/STM32CubeIDE/plugins/com.st.stm32cube.ide.mcu.externaltools.gnu-tools-for-stm32.12.3.rel1.win32_1.0.200.202406191623/tools/bin/../lib/gcc/arm-none-eabi/12.3.1/../../../../arm-none-eabi/lib/thumb/v7-m/nofp\libc_nano.a(libc_a-mprec.o)
                0x0800bd08                __mdiff
 .text.__ulp    0x0800be30       0x40 F:/STM32CubeIDE/STM32CubeIDE_1.16.1/STM32CubeIDE/plugins/com.st.stm32cube.ide.mcu.externaltools.gnu-tools-for-stm32.12.3.rel1.win32_1.0.200.202406191623/tools/bin/../lib/gcc/arm-none-eabi/12.3.1/../../../../arm-none-eabi/lib/thumb/v7-m/nofp\libc_nano.a(libc_a-mprec.o)
                0x0800be30                __ulp
 .text.__b2d    0x0800be70       0x90 F:/STM32CubeIDE/STM32CubeIDE_1.16.1/STM32CubeIDE/plugins/com.st.stm32cube.ide.mcu.externaltools.gnu-tools-for-stm32.12.3.rel1.win32_1.0.200.202406191623/tools/bin/../lib/gcc/arm-none-eabi/12.3.1/../../../../arm-none-eabi/lib/thumb/v7-m/nofp\libc_nano.a(libc_a-mprec.o)
                0x0800be70                __b2d
 .text.__d2b    0x0800bf00       0xb0 F:/STM32CubeIDE/STM32CubeIDE_1.16.1/STM32CubeIDE/plugins/com.st.stm32cube.ide.mcu.externaltools.gnu-tools-for-stm32.12.3.rel1.win32_1.0.200.202406191623/tools/bin/../lib/gcc/arm-none-eabi/12.3.1/../../../../arm-none-eabi/lib/thumb/v7-m/nofp\libc_nano.a(libc_a-mprec.o)
                0x0800bf00                __d2b
 .text.__ratio  0x0800bfb0       0x60 F:/STM32CubeIDE/STM32CubeIDE_1.16.1/STM32CubeIDE/plugins/com.st.stm32cube.ide.mcu.externaltools.gnu-tools-for-stm32.12.3.rel1.win32_1.0.200.202406191623/tools/bin/../lib/gcc/arm-none-eabi/12.3.1/../../../../arm-none-eabi/lib/thumb/v7-m/nofp\libc_nano.a(libc_a-mprec.o)
                0x0800bfb0                __ratio
 .text.__copybits
                0x0800c010       0x46 F:/STM32CubeIDE/STM32CubeIDE_1.16.1/STM32CubeIDE/plugins/com.st.stm32cube.ide.mcu.externaltools.gnu-tools-for-stm32.12.3.rel1.win32_1.0.200.202406191623/tools/bin/../lib/gcc/arm-none-eabi/12.3.1/../../../../arm-none-eabi/lib/thumb/v7-m/nofp\libc_nano.a(libc_a-mprec.o)
                0x0800c010                __copybits
 .text.__any_on
                0x0800c056       0x42 F:/STM32CubeIDE/STM32CubeIDE_1.16.1/STM32CubeIDE/plugins/com.st.stm32cube.ide.mcu.externaltools.gnu-tools-for-stm32.12.3.rel1.win32_1.0.200.202406191623/tools/bin/../lib/gcc/arm-none-eabi/12.3.1/../../../../arm-none-eabi/lib/thumb/v7-m/nofp\libc_nano.a(libc_a-mprec.o)
                0x0800c056                __any_on
 .text.__ascii_wctomb
                0x0800c098       0x1a F:/STM32CubeIDE/STM32CubeIDE_1.16.1/STM32CubeIDE/plugins/com.st.stm32cube.ide.mcu.externaltools.gnu-tools-for-stm32.12.3.rel1.win32_1.0.200.202406191623/tools/bin/../lib/gcc/arm-none-eabi/12.3.1/../../../../arm-none-eabi/lib/thumb/v7-m/nofp\libc_nano.a(libc_a-wctomb_r.o)
                0x0800c098                __ascii_wctomb
 .text.__sfputc_r
                0x0800c0b2       0x2a F:/STM32CubeIDE/STM32CubeIDE_1.16.1/STM32CubeIDE/plugins/com.st.stm32cube.ide.mcu.externaltools.gnu-tools-for-stm32.12.3.rel1.win32_1.0.200.202406191623/tools/bin/../lib/gcc/arm-none-eabi/12.3.1/../../../../arm-none-eabi/lib/thumb/v7-m/nofp\libc_nano.a(libc_a-nano-vfprintf.o)
 .text.__sfputs_r
                0x0800c0dc       0x24 F:/STM32CubeIDE/STM32CubeIDE_1.16.1/STM32CubeIDE/plugins/com.st.stm32cube.ide.mcu.externaltools.gnu-tools-for-stm32.12.3.rel1.win32_1.0.200.202406191623/tools/bin/../lib/gcc/arm-none-eabi/12.3.1/../../../../arm-none-eabi/lib/thumb/v7-m/nofp\libc_nano.a(libc_a-nano-vfprintf.o)
                0x0800c0dc                __sfputs_r
 .text._vfprintf_r
                0x0800c100      0x230 F:/STM32CubeIDE/STM32CubeIDE_1.16.1/STM32CubeIDE/plugins/com.st.stm32cube.ide.mcu.externaltools.gnu-tools-for-stm32.12.3.rel1.win32_1.0.200.202406191623/tools/bin/../lib/gcc/arm-none-eabi/12.3.1/../../../../arm-none-eabi/lib/thumb/v7-m/nofp\libc_nano.a(libc_a-nano-vfprintf.o)
                0x0800c100                _vfprintf_r
                0x0800c100                _vfiprintf_r
 .text.__sflush_r
                0x0800c330      0x100 F:/STM32CubeIDE/STM32CubeIDE_1.16.1/STM32CubeIDE/plugins/com.st.stm32cube.ide.mcu.externaltools.gnu-tools-for-stm32.12.3.rel1.win32_1.0.200.202406191623/tools/bin/../lib/gcc/arm-none-eabi/12.3.1/../../../../arm-none-eabi/lib/thumb/v7-m/nofp\libc_nano.a(libc_a-fflush.o)
                0x0800c330                __sflush_r
 .text._fflush_r
                0x0800c430       0x50 F:/STM32CubeIDE/STM32CubeIDE_1.16.1/STM32CubeIDE/plugins/com.st.stm32cube.ide.mcu.externaltools.gnu-tools-for-stm32.12.3.rel1.win32_1.0.200.202406191623/tools/bin/../lib/gcc/arm-none-eabi/12.3.1/../../../../arm-none-eabi/lib/thumb/v7-m/nofp\libc_nano.a(libc_a-fflush.o)
                0x0800c430                _fflush_r
 .text.fprintf  0x0800c480       0x24 F:/STM32CubeIDE/STM32CubeIDE_1.16.1/STM32CubeIDE/plugins/com.st.stm32cube.ide.mcu.externaltools.gnu-tools-for-stm32.12.3.rel1.win32_1.0.200.202406191623/tools/bin/../lib/gcc/arm-none-eabi/12.3.1/../../../../arm-none-eabi/lib/thumb/v7-m/nofp\libc_nano.a(libc_a-fprintf.o)
                0x0800c480                fiprintf
                0x0800c480                fprintf
 .text.__swbuf_r
                0x0800c4a4       0x7c F:/STM32CubeIDE/STM32CubeIDE_1.16.1/STM32CubeIDE/plugins/com.st.stm32cube.ide.mcu.externaltools.gnu-tools-for-stm32.12.3.rel1.win32_1.0.200.202406191623/tools/bin/../lib/gcc/arm-none-eabi/12.3.1/../../../../arm-none-eabi/lib/thumb/v7-m/nofp\libc_nano.a(libc_a-wbuf.o)
                0x0800c4a4                __swbuf_r
 .text.__swsetup_r
                0x0800c520       0xac F:/STM32CubeIDE/STM32CubeIDE_1.16.1/STM32CubeIDE/plugins/com.st.stm32cube.ide.mcu.externaltools.gnu-tools-for-stm32.12.3.rel1.win32_1.0.200.202406191623/tools/bin/../lib/gcc/arm-none-eabi/12.3.1/../../../../arm-none-eabi/lib/thumb/v7-m/nofp\libc_nano.a(libc_a-wsetup.o)
                0x0800c520                __swsetup_r
 .text._sbrk_r  0x0800c5cc       0x20 F:/STM32CubeIDE/STM32CubeIDE_1.16.1/STM32CubeIDE/plugins/com.st.stm32cube.ide.mcu.externaltools.gnu-tools-for-stm32.12.3.rel1.win32_1.0.200.202406191623/tools/bin/../lib/gcc/arm-none-eabi/12.3.1/../../../../arm-none-eabi/lib/thumb/v7-m/nofp\libc_nano.a(libc_a-sbrkr.o)
                0x0800c5cc                _sbrk_r
 .text.abort    0x0800c5ec        0xe F:/STM32CubeIDE/STM32CubeIDE_1.16.1/STM32CubeIDE/plugins/com.st.stm32cube.ide.mcu.externaltools.gnu-tools-for-stm32.12.3.rel1.win32_1.0.200.202406191623/tools/bin/../lib/gcc/arm-none-eabi/12.3.1/../../../../arm-none-eabi/lib/thumb/v7-m/nofp\libc_nano.a(libc_a-abort.o)
                0x0800c5ec                abort
 .text._calloc_r
                0x0800c5fa       0x28 F:/STM32CubeIDE/STM32CubeIDE_1.16.1/STM32CubeIDE/plugins/com.st.stm32cube.ide.mcu.externaltools.gnu-tools-for-stm32.12.3.rel1.win32_1.0.200.202406191623/tools/bin/../lib/gcc/arm-none-eabi/12.3.1/../../../../arm-none-eabi/lib/thumb/v7-m/nofp\libc_nano.a(libc_a-callocr.o)
                0x0800c5fa                _calloc_r
 .text.__swhatbuf_r
                0x0800c622       0x4a F:/STM32CubeIDE/STM32CubeIDE_1.16.1/STM32CubeIDE/plugins/com.st.stm32cube.ide.mcu.externaltools.gnu-tools-for-stm32.12.3.rel1.win32_1.0.200.202406191623/tools/bin/../lib/gcc/arm-none-eabi/12.3.1/../../../../arm-none-eabi/lib/thumb/v7-m/nofp\libc_nano.a(libc_a-makebuf.o)
                0x0800c622                __swhatbuf_r
 .text.__smakebuf_r
                0x0800c66c       0x78 F:/STM32CubeIDE/STM32CubeIDE_1.16.1/STM32CubeIDE/plugins/com.st.stm32cube.ide.mcu.externaltools.gnu-tools-for-stm32.12.3.rel1.win32_1.0.200.202406191623/tools/bin/../lib/gcc/arm-none-eabi/12.3.1/../../../../arm-none-eabi/lib/thumb/v7-m/nofp\libc_nano.a(libc_a-makebuf.o)
                0x0800c66c                __smakebuf_r
 .text._raise_r
                0x0800c6e4       0x50 F:/STM32CubeIDE/STM32CubeIDE_1.16.1/STM32CubeIDE/plugins/com.st.stm32cube.ide.mcu.externaltools.gnu-tools-for-stm32.12.3.rel1.win32_1.0.200.202406191623/tools/bin/../lib/gcc/arm-none-eabi/12.3.1/../../../../arm-none-eabi/lib/thumb/v7-m/nofp\libc_nano.a(libc_a-signal.o)
                0x0800c6e4                _raise_r
 .text.raise    0x0800c734       0x10 F:/STM32CubeIDE/STM32CubeIDE_1.16.1/STM32CubeIDE/plugins/com.st.stm32cube.ide.mcu.externaltools.gnu-tools-for-stm32.12.3.rel1.win32_1.0.200.202406191623/tools/bin/../lib/gcc/arm-none-eabi/12.3.1/../../../../arm-none-eabi/lib/thumb/v7-m/nofp\libc_nano.a(libc_a-signal.o)
                0x0800c734                raise
 .text._fstat_r
                0x0800c744       0x24 F:/STM32CubeIDE/STM32CubeIDE_1.16.1/STM32CubeIDE/plugins/com.st.stm32cube.ide.mcu.externaltools.gnu-tools-for-stm32.12.3.rel1.win32_1.0.200.202406191623/tools/bin/../lib/gcc/arm-none-eabi/12.3.1/../../../../arm-none-eabi/lib/thumb/v7-m/nofp\libc_nano.a(libc_a-fstatr.o)
                0x0800c744                _fstat_r
 .text._isatty_r
                0x0800c768       0x20 F:/STM32CubeIDE/STM32CubeIDE_1.16.1/STM32CubeIDE/plugins/com.st.stm32cube.ide.mcu.externaltools.gnu-tools-for-stm32.12.3.rel1.win32_1.0.200.202406191623/tools/bin/../lib/gcc/arm-none-eabi/12.3.1/../../../../arm-none-eabi/lib/thumb/v7-m/nofp\libc_nano.a(libc_a-isattyr.o)
                0x0800c768                _isatty_r
 .text._kill_r  0x0800c788       0x24 F:/STM32CubeIDE/STM32CubeIDE_1.16.1/STM32CubeIDE/plugins/com.st.stm32cube.ide.mcu.externaltools.gnu-tools-for-stm32.12.3.rel1.win32_1.0.200.202406191623/tools/bin/../lib/gcc/arm-none-eabi/12.3.1/../../../../arm-none-eabi/lib/thumb/v7-m/nofp\libc_nano.a(libc_a-signalr.o)
                0x0800c788                _kill_r
 .text._getpid_r
                0x0800c7ac        0x4 F:/STM32CubeIDE/STM32CubeIDE_1.16.1/STM32CubeIDE/plugins/com.st.stm32cube.ide.mcu.externaltools.gnu-tools-for-stm32.12.3.rel1.win32_1.0.200.202406191623/tools/bin/../lib/gcc/arm-none-eabi/12.3.1/../../../../arm-none-eabi/lib/thumb/v7-m/nofp\libc_nano.a(libc_a-signalr.o)
                0x0800c7ac                _getpid_r
 *(.glue_7)
 .glue_7        0x0800c7b0        0x0 linker stubs
 *(.glue_7t)
 .glue_7t       0x0800c7b0        0x0 linker stubs
 *(.eh_frame)
 .eh_frame      0x0800c7b0        0x0 F:/STM32CubeIDE/STM32CubeIDE_1.16.1/STM32CubeIDE/plugins/com.st.stm32cube.ide.mcu.externaltools.gnu-tools-for-stm32.12.3.rel1.win32_1.0.200.202406191623/tools/bin/../lib/gcc/arm-none-eabi/12.3.1/thumb/v7-m/nofp/crtbegin.o
 *(.init)
 .init          0x0800c7b0        0x4 F:/STM32CubeIDE/STM32CubeIDE_1.16.1/STM32CubeIDE/plugins/com.st.stm32cube.ide.mcu.externaltools.gnu-tools-for-stm32.12.3.rel1.win32_1.0.200.202406191623/tools/bin/../lib/gcc/arm-none-eabi/12.3.1/thumb/v7-m/nofp/crti.o
                0x0800c7b0                _init
 .init          0x0800c7b4        0x8 F:/STM32CubeIDE/STM32CubeIDE_1.16.1/STM32CubeIDE/plugins/com.st.stm32cube.ide.mcu.externaltools.gnu-tools-for-stm32.12.3.rel1.win32_1.0.200.202406191623/tools/bin/../lib/gcc/arm-none-eabi/12.3.1/thumb/v7-m/nofp/crtn.o
 *(.fini)
 .fini          0x0800c7bc        0x4 F:/STM32CubeIDE/STM32CubeIDE_1.16.1/STM32CubeIDE/plugins/com.st.stm32cube.ide.mcu.externaltools.gnu-tools-for-stm32.12.3.rel1.win32_1.0.200.202406191623/tools/bin/../lib/gcc/arm-none-eabi/12.3.1/thumb/v7-m/nofp/crti.o
                0x0800c7bc                _fini
 .fini          0x0800c7c0        0x8 F:/STM32CubeIDE/STM32CubeIDE_1.16.1/STM32CubeIDE/plugins/com.st.stm32cube.ide.mcu.externaltools.gnu-tools-for-stm32.12.3.rel1.win32_1.0.200.202406191623/tools/bin/../lib/gcc/arm-none-eabi/12.3.1/thumb/v7-m/nofp/crtn.o
                0x0800c7c8                        . = ALIGN (0x4)
                0x0800c7c8                        _etext = .

.vfp11_veneer   0x0800c7c8        0x0
 .vfp11_veneer  0x0800c7c8        0x0 linker stubs

.v4_bx          0x0800c7c8        0x0
 .v4_bx         0x0800c7c8        0x0 linker stubs

.iplt           0x0800c7c8        0x0
 .iplt          0x0800c7c8        0x0 F:/STM32CubeIDE/STM32CubeIDE_1.16.1/STM32CubeIDE/plugins/com.st.stm32cube.ide.mcu.externaltools.gnu-tools-for-stm32.12.3.rel1.win32_1.0.200.202406191623/tools/bin/../lib/gcc/arm-none-eabi/12.3.1/thumb/v7-m/nofp/crtbegin.o

.rodata         0x0800c7c8     0x177c
                0x0800c7c8                        . = ALIGN (0x4)
 *(.rodata)
 .rodata        0x0800c7c8       0x3b ./Core/Src/main.o
 *fill*         0x0800c803        0x1 
 .rodata        0x0800c804       0x4b ./Devices/MPU6050/inv_mpu_dmp_motion_driver.o
 *(.rodata*)
 *fill*         0x0800c84f        0x1 
 .rodata.AHBPrescTable
                0x0800c850       0x10 ./Core/Src/system_stm32f1xx.o
                0x0800c850                AHBPrescTable
 .rodata.APBPrescTable
                0x0800c860        0x8 ./Core/Src/system_stm32f1xx.o
                0x0800c860                APBPrescTable
 .rodata.s_mpu6050_gyro_orientation
                0x0800c868        0x9 ./Devices/MPU6050/MPU6050.o
 *fill*         0x0800c871        0x3 
 .rodata.reg    0x0800c874       0x1e ./Devices/MPU6050/inv_mpu.o
                0x0800c874                reg
 *fill*         0x0800c892        0x2 
 .rodata.hw     0x0800c894        0xc ./Devices/MPU6050/inv_mpu.o
                0x0800c894                hw
 .rodata.test   0x0800c8a0       0x28 ./Devices/MPU6050/inv_mpu.o
                0x0800c8a0                test
 .rodata.dmp_memory
                0x0800c8c8      0xbf6 ./Devices/MPU6050/inv_mpu_dmp_motion_driver.o
 *fill*         0x0800d4be        0x2 
 .rodata.OLED_F8x16
                0x0800d4c0      0x5f0 ./Devices/OLED/OLED.o
                0x0800d4c0                OLED_F8x16
 .rodata.aPLLMULFactorTable.1
                0x0800dab0       0x10 ./Drivers/STM32F1xx_HAL_Driver/Src/stm32f1xx_hal_rcc.o
 .rodata.aPredivFactorTable.0
                0x0800dac0        0x2 ./Drivers/STM32F1xx_HAL_Driver/Src/stm32f1xx_hal_rcc.o
 .rodata._strtod_l.str1.1
                0x0800dac2        0x2 F:/STM32CubeIDE/STM32CubeIDE_1.16.1/STM32CubeIDE/plugins/com.st.stm32cube.ide.mcu.externaltools.gnu-tools-for-stm32.12.3.rel1.win32_1.0.200.202406191623/tools/bin/../lib/gcc/arm-none-eabi/12.3.1/../../../../arm-none-eabi/lib/thumb/v7-m/nofp\libc_nano.a(libc_a-strtod.o)
                                  0xf (size before relaxing)
 .rodata.fpinan.0
                0x0800dac4       0x14 F:/STM32CubeIDE/STM32CubeIDE_1.16.1/STM32CubeIDE/plugins/com.st.stm32cube.ide.mcu.externaltools.gnu-tools-for-stm32.12.3.rel1.win32_1.0.200.202406191623/tools/bin/../lib/gcc/arm-none-eabi/12.3.1/../../../../arm-none-eabi/lib/thumb/v7-m/nofp\libc_nano.a(libc_a-strtod.o)
 .rodata.fpi.1  0x0800dad8       0x14 F:/STM32CubeIDE/STM32CubeIDE_1.16.1/STM32CubeIDE/plugins/com.st.stm32cube.ide.mcu.externaltools.gnu-tools-for-stm32.12.3.rel1.win32_1.0.200.202406191623/tools/bin/../lib/gcc/arm-none-eabi/12.3.1/../../../../arm-none-eabi/lib/thumb/v7-m/nofp\libc_nano.a(libc_a-strtod.o)
 *fill*         0x0800daec        0x4 
 .rodata.tinytens
                0x0800daf0       0x28 F:/STM32CubeIDE/STM32CubeIDE_1.16.1/STM32CubeIDE/plugins/com.st.stm32cube.ide.mcu.externaltools.gnu-tools-for-stm32.12.3.rel1.win32_1.0.200.202406191623/tools/bin/../lib/gcc/arm-none-eabi/12.3.1/../../../../arm-none-eabi/lib/thumb/v7-m/nofp\libc_nano.a(libc_a-strtod.o)
 .rodata._printf_float.str1.1
                0x0800db18       0x12 F:/STM32CubeIDE/STM32CubeIDE_1.16.1/STM32CubeIDE/plugins/com.st.stm32cube.ide.mcu.externaltools.gnu-tools-for-stm32.12.3.rel1.win32_1.0.200.202406191623/tools/bin/../lib/gcc/arm-none-eabi/12.3.1/../../../../arm-none-eabi/lib/thumb/v7-m/nofp\libc_nano.a(libc_a-nano-vfprintf_float.o)
 .rodata._printf_i.str1.1
                0x0800db2a       0x22 F:/STM32CubeIDE/STM32CubeIDE_1.16.1/STM32CubeIDE/plugins/com.st.stm32cube.ide.mcu.externaltools.gnu-tools-for-stm32.12.3.rel1.win32_1.0.200.202406191623/tools/bin/../lib/gcc/arm-none-eabi/12.3.1/../../../../arm-none-eabi/lib/thumb/v7-m/nofp\libc_nano.a(libc_a-nano-vfprintf_i.o)
 .rodata.strtok.str1.1
                0x0800db4c       0x71 F:/STM32CubeIDE/STM32CubeIDE_1.16.1/STM32CubeIDE/plugins/com.st.stm32cube.ide.mcu.externaltools.gnu-tools-for-stm32.12.3.rel1.win32_1.0.200.202406191623/tools/bin/../lib/gcc/arm-none-eabi/12.3.1/../../../../arm-none-eabi/lib/thumb/v7-m/nofp\libc_nano.a(libc_a-strtok.o)
 .rodata._setlocale_r.str1.1
                0x0800dbbd        0x8 F:/STM32CubeIDE/STM32CubeIDE_1.16.1/STM32CubeIDE/plugins/com.st.stm32cube.ide.mcu.externaltools.gnu-tools-for-stm32.12.3.rel1.win32_1.0.200.202406191623/tools/bin/../lib/gcc/arm-none-eabi/12.3.1/../../../../arm-none-eabi/lib/thumb/v7-m/nofp\libc_nano.a(libc_a-locale.o)
                                  0x9 (size before relaxing)
 .rodata.str1.1
                0x0800dbc5        0x2 F:/STM32CubeIDE/STM32CubeIDE_1.16.1/STM32CubeIDE/plugins/com.st.stm32cube.ide.mcu.externaltools.gnu-tools-for-stm32.12.3.rel1.win32_1.0.200.202406191623/tools/bin/../lib/gcc/arm-none-eabi/12.3.1/../../../../arm-none-eabi/lib/thumb/v7-m/nofp\libc_nano.a(libc_a-locale.o)
 .rodata.__assert_func.str1.1
                0x0800dbc5       0x3c F:/STM32CubeIDE/STM32CubeIDE_1.16.1/STM32CubeIDE/plugins/com.st.stm32cube.ide.mcu.externaltools.gnu-tools-for-stm32.12.3.rel1.win32_1.0.200.202406191623/tools/bin/../lib/gcc/arm-none-eabi/12.3.1/../../../../arm-none-eabi/lib/thumb/v7-m/nofp\libc_nano.a(libc_a-assert.o)
                                 0x3d (size before relaxing)
 .rodata._dtoa_r.str1.1
                0x0800dc01       0x76 F:/STM32CubeIDE/STM32CubeIDE_1.16.1/STM32CubeIDE/plugins/com.st.stm32cube.ide.mcu.externaltools.gnu-tools-for-stm32.12.3.rel1.win32_1.0.200.202406191623/tools/bin/../lib/gcc/arm-none-eabi/12.3.1/../../../../arm-none-eabi/lib/thumb/v7-m/nofp\libc_nano.a(libc_a-dtoa.o)
                                 0x8f (size before relaxing)
 .rodata.__gethex.str1.1
                0x0800dc77       0x60 F:/STM32CubeIDE/STM32CubeIDE_1.16.1/STM32CubeIDE/plugins/com.st.stm32cube.ide.mcu.externaltools.gnu-tools-for-stm32.12.3.rel1.win32_1.0.200.202406191623/tools/bin/../lib/gcc/arm-none-eabi/12.3.1/../../../../arm-none-eabi/lib/thumb/v7-m/nofp\libc_nano.a(libc_a-gdtoa-gethex.o)
                                 0x73 (size before relaxing)
 .rodata._Balloc.str1.1
                0x0800dcd7       0x59 F:/STM32CubeIDE/STM32CubeIDE_1.16.1/STM32CubeIDE/plugins/com.st.stm32cube.ide.mcu.externaltools.gnu-tools-for-stm32.12.3.rel1.win32_1.0.200.202406191623/tools/bin/../lib/gcc/arm-none-eabi/12.3.1/../../../../arm-none-eabi/lib/thumb/v7-m/nofp\libc_nano.a(libc_a-mprec.o)
                                 0x70 (size before relaxing)
 .rodata.__multadd.str1.1
                0x0800dd30       0x11 F:/STM32CubeIDE/STM32CubeIDE_1.16.1/STM32CubeIDE/plugins/com.st.stm32cube.ide.mcu.externaltools.gnu-tools-for-stm32.12.3.rel1.win32_1.0.200.202406191623/tools/bin/../lib/gcc/arm-none-eabi/12.3.1/../../../../arm-none-eabi/lib/thumb/v7-m/nofp\libc_nano.a(libc_a-mprec.o)
 .rodata.p05.0  0x0800dd30        0xc F:/STM32CubeIDE/STM32CubeIDE_1.16.1/STM32CubeIDE/plugins/com.st.stm32cube.ide.mcu.externaltools.gnu-tools-for-stm32.12.3.rel1.win32_1.0.200.202406191623/tools/bin/../lib/gcc/arm-none-eabi/12.3.1/../../../../arm-none-eabi/lib/thumb/v7-m/nofp\libc_nano.a(libc_a-mprec.o)
 *fill*         0x0800dd3c        0x4 
 .rodata.__mprec_bigtens
                0x0800dd40       0x28 F:/STM32CubeIDE/STM32CubeIDE_1.16.1/STM32CubeIDE/plugins/com.st.stm32cube.ide.mcu.externaltools.gnu-tools-for-stm32.12.3.rel1.win32_1.0.200.202406191623/tools/bin/../lib/gcc/arm-none-eabi/12.3.1/../../../../arm-none-eabi/lib/thumb/v7-m/nofp\libc_nano.a(libc_a-mprec.o)
                0x0800dd40                __mprec_bigtens
 .rodata.__mprec_tens
                0x0800dd68       0xc8 F:/STM32CubeIDE/STM32CubeIDE_1.16.1/STM32CubeIDE/plugins/com.st.stm32cube.ide.mcu.externaltools.gnu-tools-for-stm32.12.3.rel1.win32_1.0.200.202406191623/tools/bin/../lib/gcc/arm-none-eabi/12.3.1/../../../../arm-none-eabi/lib/thumb/v7-m/nofp\libc_nano.a(libc_a-mprec.o)
                0x0800dd68                __mprec_tens
 .rodata._ctype_
                0x0800de30      0x101 F:/STM32CubeIDE/STM32CubeIDE_1.16.1/STM32CubeIDE/plugins/com.st.stm32cube.ide.mcu.externaltools.gnu-tools-for-stm32.12.3.rel1.win32_1.0.200.202406191623/tools/bin/../lib/gcc/arm-none-eabi/12.3.1/../../../../arm-none-eabi/lib/thumb/v7-m/nofp\libc_nano.a(libc_a-ctype_.o)
                0x0800de30                _ctype_
 .rodata._vfprintf_r.str1.1
                0x0800df31       0x11 F:/STM32CubeIDE/STM32CubeIDE_1.16.1/STM32CubeIDE/plugins/com.st.stm32cube.ide.mcu.externaltools.gnu-tools-for-stm32.12.3.rel1.win32_1.0.200.202406191623/tools/bin/../lib/gcc/arm-none-eabi/12.3.1/../../../../arm-none-eabi/lib/thumb/v7-m/nofp\libc_nano.a(libc_a-nano-vfprintf.o)
                0x0800df44                        . = ALIGN (0x4)
 *fill*         0x0800df42        0x2 

.ARM.extab      0x0800df44        0x0
                0x0800df44                        . = ALIGN (0x4)
 *(.ARM.extab* .gnu.linkonce.armextab.*)
                0x0800df44                        . = ALIGN (0x4)

.ARM            0x0800df44        0x8
                0x0800df44                        . = ALIGN (0x4)
                0x0800df44                        __exidx_start = .
 *(.ARM.exidx*)
 .ARM.exidx     0x0800df44        0x8 F:/STM32CubeIDE/STM32CubeIDE_1.16.1/STM32CubeIDE/plugins/com.st.stm32cube.ide.mcu.externaltools.gnu-tools-for-stm32.12.3.rel1.win32_1.0.200.202406191623/tools/bin/../lib/gcc/arm-none-eabi/12.3.1/../../../../arm-none-eabi/lib/thumb/v7-m/nofp\libc_nano.a(libc_a-strlen.o)
                0x0800df4c                        __exidx_end = .
                0x0800df4c                        . = ALIGN (0x4)

.preinit_array  0x0800df4c        0x0
                0x0800df4c                        . = ALIGN (0x4)
                0x0800df4c                        PROVIDE (__preinit_array_start = .)
 *(.preinit_array*)
                0x0800df4c                        PROVIDE (__preinit_array_end = .)
                0x0800df4c                        . = ALIGN (0x4)

.init_array     0x0800df4c        0x4
                0x0800df4c                        . = ALIGN (0x4)
                0x0800df4c                        PROVIDE (__init_array_start = .)
 *(SORT_BY_NAME(.init_array.*))
 *(.init_array*)
 .init_array    0x0800df4c        0x4 F:/STM32CubeIDE/STM32CubeIDE_1.16.1/STM32CubeIDE/plugins/com.st.stm32cube.ide.mcu.externaltools.gnu-tools-for-stm32.12.3.rel1.win32_1.0.200.202406191623/tools/bin/../lib/gcc/arm-none-eabi/12.3.1/thumb/v7-m/nofp/crtbegin.o
                0x0800df50                        PROVIDE (__init_array_end = .)
                0x0800df50                        . = ALIGN (0x4)

.fini_array     0x0800df50        0x4
                0x0800df50                        . = ALIGN (0x4)
                [!provide]                        PROVIDE (__fini_array_start = .)
 *(SORT_BY_NAME(.fini_array.*))
 *(.fini_array*)
 .fini_array    0x0800df50        0x4 F:/STM32CubeIDE/STM32CubeIDE_1.16.1/STM32CubeIDE/plugins/com.st.stm32cube.ide.mcu.externaltools.gnu-tools-for-stm32.12.3.rel1.win32_1.0.200.202406191623/tools/bin/../lib/gcc/arm-none-eabi/12.3.1/thumb/v7-m/nofp/crtbegin.o
                [!provide]                        PROVIDE (__fini_array_end = .)
                0x0800df54                        . = ALIGN (0x4)
                0x0800df54                        _sidata = LOADADDR (.data)

.rel.dyn        0x0800df54        0x0
 .rel.iplt      0x0800df54        0x0 F:/STM32CubeIDE/STM32CubeIDE_1.16.1/STM32CubeIDE/plugins/com.st.stm32cube.ide.mcu.externaltools.gnu-tools-for-stm32.12.3.rel1.win32_1.0.200.202406191623/tools/bin/../lib/gcc/arm-none-eabi/12.3.1/thumb/v7-m/nofp/crtbegin.o

.data           0x20000000      0x200 load address 0x0800df54