../Devices/MPU6050/inv_mpu.c:41:12:stm32_i2c_write	40	static
../Devices/MPU6050/inv_mpu.c:57:12:stm32_i2c_read	40	static
../Devices/MPU6050/inv_mpu.c:72:13:stm32_delay_ms	16	static
../Devices/MPU6050/inv_mpu.c:77:13:stm32_get_ms	16	static
../Devices/MPU6050/inv_mpu.c:626:12:set_int_enable	24	static
../Devices/MPU6050/inv_mpu.c:658:5:mpu_reg_dump	16	static
../Devices/MPU6050/inv_mpu.c:680:5:mpu_read_reg	16	static
../Devices/MPU6050/inv_mpu.c:702:5:mpu_init	16	static
../Devices/MPU6050/inv_mpu.c:791:5:mpu_lp_accel_mode	24	static
../Devices/MPU6050/inv_mpu.c:885:5:mpu_get_gyro_reg	24	static
../Devices/MPU6050/inv_mpu.c:908:5:mpu_get_accel_reg	24	static
../Devices/MPU6050/inv_mpu.c:931:5:mpu_get_temperature	32	static
../Devices/MPU6050/inv_mpu.c:957:5:mpu_read_6500_accel_bias	24	static
../Devices/MPU6050/inv_mpu.c:979:5:mpu_read_6050_accel_bias	24	static
../Devices/MPU6050/inv_mpu.c:993:5:mpu_read_6500_gyro_bias	24	static
../Devices/MPU6050/inv_mpu.c:1015:5:mpu_set_gyro_bias_reg	40	static
../Devices/MPU6050/inv_mpu.c:1052:5:mpu_set_accel_bias_6050_reg	40	static
../Devices/MPU6050/inv_mpu.c:1089:5:mpu_set_accel_bias_6500_reg	40	static
../Devices/MPU6050/inv_mpu.c:1122:5:mpu_reset_fifo	16	static
../Devices/MPU6050/inv_mpu.c:1184:5:mpu_get_gyro_fsr	16	static
../Devices/MPU6050/inv_mpu.c:1211:5:mpu_set_gyro_fsr	24	static
../Devices/MPU6050/inv_mpu.c:1248:5:mpu_get_accel_fsr	16	static
../Devices/MPU6050/inv_mpu.c:1276:5:mpu_set_accel_fsr	24	static
../Devices/MPU6050/inv_mpu.c:1313:5:mpu_get_lpf	16	static
../Devices/MPU6050/inv_mpu.c:1349:5:mpu_set_lpf	24	static
../Devices/MPU6050/inv_mpu.c:1390:5:mpu_get_sample_rate	16	static
../Devices/MPU6050/inv_mpu.c:1405:5:mpu_set_sample_rate	24	static
../Devices/MPU6050/inv_mpu.c:1452:5:mpu_get_compass_sample_rate	16	static
../Devices/MPU6050/inv_mpu.c:1474:5:mpu_set_compass_sample_rate	16	static
../Devices/MPU6050/inv_mpu.c:1496:5:mpu_get_gyro_sens	16	static
../Devices/MPU6050/inv_mpu.c:1522:5:mpu_get_accel_sens	16	static
../Devices/MPU6050/inv_mpu.c:1554:5:mpu_get_fifo_config	16	static
../Devices/MPU6050/inv_mpu.c:1569:5:mpu_configure_fifo	24	static
../Devices/MPU6050/inv_mpu.c:1611:5:mpu_get_power_state	16	static
../Devices/MPU6050/inv_mpu.c:1630:5:mpu_set_sensors	24	static
../Devices/MPU6050/inv_mpu.c:1707:5:mpu_get_int_status	24	static
../Devices/MPU6050/inv_mpu.c:1736:5:mpu_read_fifo	48	static
../Devices/MPU6050/inv_mpu.c:1817:5:mpu_read_fifo_stream	32	static
../Devices/MPU6050/inv_mpu.c:1855:5:mpu_set_bypass	24	static
../Devices/MPU6050/inv_mpu.c:1905:5:mpu_set_int_level	16	static
../Devices/MPU6050/inv_mpu.c:1917:5:mpu_set_int_latched	24	static
../Devices/MPU6050/inv_mpu.c:1938:12:get_accel_prod_shift	40	static
../Devices/MPU6050/inv_mpu.c:1963:12:accel_self_test	48	static
../Devices/MPU6050/inv_mpu.c:1983:12:gyro_self_test	40	static
../Devices/MPU6050/inv_mpu.c:2078:12:get_st_biases	256	static
../Devices/MPU6050/inv_mpu.c:2681:5:mpu_run_self_test	64	static
../Devices/MPU6050/inv_mpu.c:2785:5:mpu_write_mem	24	static
../Devices/MPU6050/inv_mpu.c:2818:5:mpu_read_mem	24	static
../Devices/MPU6050/inv_mpu.c:2850:5:mpu_load_firmware	48	static
../Devices/MPU6050/inv_mpu.c:2891:5:mpu_set_dmp_state	24	static
../Devices/MPU6050/inv_mpu.c:2930:5:mpu_get_dmp_state	16	static
../Devices/MPU6050/inv_mpu.c:3046:5:mpu_get_compass_reg	16	static
../Devices/MPU6050/inv_mpu.c:3099:5:mpu_get_compass_fsr	16	static
../Devices/MPU6050/inv_mpu.c:3147:5:mpu_lp_motion_interrupt	24	static
