../Devices/MPU6050/MPU6050.c:18:6:MPU6050_WriteReg	32	static
../Devices/MPU6050/MPU6050.c:28:9:MPU6050_ReadReg	40	static
../Devices/MPU6050/MPU6050.c:41:6:MPU6050_Init	8	static
../Devices/MPU6050/MPU6050.c:56:9:MPU6050_GetID	8	static
../Devices/MPU6050/MPU6050.c:71:6:MPU6050_GetData	32	static
../Devices/MPU6050/MPU6050.c:119:30:mpu6050_row_2_scale	24	static
../Devices/MPU6050/MPU6050.c:147:30:mpu6050_orientation_matrix_to_scalar	24	static
../Devices/MPU6050/MPU6050.c:163:5:MPU6050_DMP_Init	16	static
../Devices/MPU6050/MPU6050.c:197:5:MPU6050_DMP_ReadEuler	120	static
../Devices/MPU6050/MPU6050.c:248:7:MPU6050_DMP_GetROSGyroz	72	static
